Component: ARM Compiler 5.06 update 6 (build 750) Tool: armlink [4d35ed]

==============================================================================

Section Cross References

    main.o(i.assert_nrf_callback) refers to app_error_handler_keil.o(.emb_text) for app_error_handler
    main.o(i.ble_evt_handler) refers to nrf_log_frontend.o(i.nrf_log_frontend_std_0) for nrf_log_frontend_std_0
    main.o(i.ble_evt_handler) refers to bsp.o(i.bsp_indication_set) for bsp_indication_set
    main.o(i.ble_evt_handler) refers to app_error.o(i.app_error_handler_bare) for app_error_handler_bare
    main.o(i.ble_evt_handler) refers to nrf_ble_qwr.o(i.nrf_ble_qwr_conn_handle_assign) for nrf_ble_qwr_conn_handle_assign
    main.o(i.ble_evt_handler) refers to main.o(.data) for .data
    main.o(i.ble_evt_handler) refers to nrf_log_frontend.o(log_const_data) for m_nrf_log_app_logs_data_const
    main.o(i.ble_evt_handler) refers to main.o(.bss) for .bss
    main.o(i.bsp_event_handler) refers to main.o(i.sleep_mode_enter) for sleep_mode_enter
    main.o(i.bsp_event_handler) refers to app_error.o(i.app_error_handler_bare) for app_error_handler_bare
    main.o(i.bsp_event_handler) refers to ble_advertising.o(i.ble_advertising_restart_without_whitelist) for ble_advertising_restart_without_whitelist
    main.o(i.bsp_event_handler) refers to main.o(.data) for .data
    main.o(i.bsp_event_handler) refers to main.o(.bss) for .bss
    main.o(i.conn_params_error_handler) refers to app_error.o(i.app_error_handler_bare) for app_error_handler_bare
    main.o(i.gatt_evt_handler) refers to nrf_log_frontend.o(i.nrf_log_frontend_std_2) for nrf_log_frontend_std_2
    main.o(i.gatt_evt_handler) refers to main.o(.data) for .data
    main.o(i.gatt_evt_handler) refers to nrf_log_frontend.o(log_const_data) for m_nrf_log_app_logs_data_const
    main.o(i.gatt_init) refers to nrf_ble_gatt.o(i.nrf_ble_gatt_init) for nrf_ble_gatt_init
    main.o(i.gatt_init) refers to app_error.o(i.app_error_handler_bare) for app_error_handler_bare
    main.o(i.gatt_init) refers to nrf_ble_gatt.o(i.nrf_ble_gatt_att_mtu_periph_set) for nrf_ble_gatt_att_mtu_periph_set
    main.o(i.gatt_init) refers to main.o(i.gatt_evt_handler) for gatt_evt_handler
    main.o(i.gatt_init) refers to main.o(.bss) for .bss
    main.o(i.main) refers to memcpya.o(.text) for __aeabi_memcpy4
    main.o(i.main) refers to app_uart_fifo.o(i.app_uart_init) for app_uart_init
    main.o(i.main) refers to app_error.o(i.app_error_handler_bare) for app_error_handler_bare
    main.o(i.main) refers to nrf_log_frontend.o(i.nrf_log_init) for nrf_log_init
    main.o(i.main) refers to nrf_log_default_backends.o(i.nrf_log_default_backends_init) for nrf_log_default_backends_init
    main.o(i.main) refers to app_timer.o(i.app_timer_init) for app_timer_init
    main.o(i.main) refers to bsp.o(i.bsp_init) for bsp_init
    main.o(i.main) refers to bsp_btn_ble.o(i.bsp_btn_ble_init) for bsp_btn_ble_init
    main.o(i.main) refers to nrf_pwr_mgmt.o(i.nrf_pwr_mgmt_init) for nrf_pwr_mgmt_init
    main.o(i.main) refers to nrf_sdh.o(i.nrf_sdh_enable_request) for nrf_sdh_enable_request
    main.o(i.main) refers to nrf_sdh_ble.o(i.nrf_sdh_ble_default_cfg_set) for nrf_sdh_ble_default_cfg_set
    main.o(i.main) refers to nrf_sdh_ble.o(i.nrf_sdh_ble_enable) for nrf_sdh_ble_enable
    main.o(i.main) refers to main.o(i.gatt_init) for gatt_init
    main.o(i.main) refers to nrf_ble_qwr.o(i.nrf_ble_qwr_init) for nrf_ble_qwr_init
    main.o(i.main) refers to ble_nus.o(i.ble_nus_init) for ble_nus_init
    main.o(i.main) refers to memseta.o(.text) for __aeabi_memclr4
    main.o(i.main) refers to ble_advertising.o(i.ble_advertising_init) for ble_advertising_init
    main.o(i.main) refers to ble_advertising.o(i.ble_advertising_conn_cfg_tag_set) for ble_advertising_conn_cfg_tag_set
    main.o(i.main) refers to ble_conn_params.o(i.ble_conn_params_init) for ble_conn_params_init
    main.o(i.main) refers to printfb.o(i.__0printf$bare) for __2printf
    main.o(i.main) refers to nrf_log_frontend.o(i.nrf_log_frontend_std_0) for nrf_log_frontend_std_0
    main.o(i.main) refers to ble_advertising.o(i.ble_advertising_start) for ble_advertising_start
    main.o(i.main) refers to nrf_log_frontend.o(i.nrf_log_frontend_dequeue) for nrf_log_frontend_dequeue
    main.o(i.main) refers to nrf_pwr_mgmt.o(i.nrf_pwr_mgmt_run) for nrf_pwr_mgmt_run
    main.o(i.main) refers to main.o(.constdata) for .constdata
    main.o(i.main) refers to main.o(.bss) for .bss
    main.o(i.main) refers to main.o(i.uart_event_handle) for uart_event_handle
    main.o(i.main) refers to main.o(i.bsp_event_handler) for bsp_event_handler
    main.o(i.main) refers to main.o(i.nrf_qwr_error_handler) for nrf_qwr_error_handler
    main.o(i.main) refers to main.o(i.nus_data_handler) for nus_data_handler
    main.o(i.main) refers to main.o(.data) for .data
    main.o(i.main) refers to main.o(i.on_adv_evt) for on_adv_evt
[...]
    .data                                    0x20002b70   Section        8  nrf_log_frontend.o(.data)
    log_mempool_nrf_balloc_pool_stack        0x20002b70   Data           8  nrf_log_frontend.o(.data)
    .data                                    0x20002b78   Section        8  nrf_log_frontend.o(.data)
    log_mempool_nrf_balloc_cb                0x20002b78   Data           8  nrf_log_frontend.o(.data)
    .data                                    0x20002b80   Section       64  nrf_log_str_formatter.o(.data)
    m_freq                                   0x20002b80   Data           4  nrf_log_str_formatter.o(.data)
    m_timestamp_div                          0x20002b84   Data           4  nrf_log_str_formatter.o(.data)
    severity_names                           0x20002b88   Data          20  nrf_log_str_formatter.o(.data)
    m_colors                                 0x20002b9c   Data          36  nrf_log_str_formatter.o(.data)
    .data                                    0x20002bc0   Section        3  nrf_sdh.o(.data)
    m_nrf_sdh_enabled                        0x20002bc0   Data           1  nrf_sdh.o(.data)
    m_nrf_sdh_suspended                      0x20002bc1   Data           1  nrf_sdh.o(.data)
    m_nrf_sdh_continue                       0x20002bc2   Data           1  nrf_sdh.o(.data)
    .data                                    0x20002bc3   Section        1  nrf_sdh_ble.o(.data)
    m_stack_is_enabled                       0x20002bc3   Data           1  nrf_sdh_ble.o(.data)
    .data                                    0x20002bc4   Section        4  system_nrf52.o(.data)
    __tagsym$$used                           0x20002bc4   Number         0  system_nrf52.o(.data)
    .bss                                     0x20002bc8   Section     1388  main.o(.bss)
    data_array                               0x20002bc8   Data         244  main.o(.bss)
    rx_buf                                   0x20002cbc   Data         256  main.o(.bss)
    tx_buf                                   0x20002dbc   Data         256  main.o(.bss)
    m_gatt                                   0x20002ebc   Data          20  main.o(.bss)
    m_qwr                                    0x20002ed0   Data          12  main.o(.bss)
    m_advertising                            0x20002edc   Data         600  main.o(.bss)
    .bss                                     0x20003134   Section       32  bsp.o(.bss)
    m_bsp_leds_tmr_data                      0x20003134   Data          32  bsp.o(.bss)
    .bss                                     0x20003154   Section       32  bsp.o(.bss)
    m_bsp_alert_tmr_data                     0x20003154   Data          32  bsp.o(.bss)
    .bss                                     0x20003174   Section       12  bsp.o(.bss)
    m_events_list                            0x20003174   Data          12  bsp.o(.bss)
    .bss                                     0x20003180   Section       32  bsp.o(.bss)
    m_bsp_button_tmr_data                    0x20003180   Data          32  bsp.o(.bss)
    .bss                                     0x200031a0   Section       80  ble_conn_params.o(.bss)
    m_timer_data                             0x200031a0   Data          32  ble_conn_params.o(.bss)
    m_conn_params_instances                  0x200031c0   Data          20  ble_conn_params.o(.bss)
    m_conn_params_config                     0x200031d4   Data          28  ble_conn_params.o(.bss)
    .bss                                     0x200031f0   Section      120  ble_conn_state.o(.bss)
    m_bcs                                    0x200031f0   Data         120  ble_conn_state.o(.bss)
    .bss                                     0x20003268   Section       20  nrf_drv_clock.o(.bss)
    m_clock_cb                               0x20003268   Data          20  nrf_drv_clock.o(.bss)
    .bss                                     0x2000327c   Section       92  nrfx_gpiote.o(.bss)
    m_cb                                     0x2000327c   Data          92  nrfx_gpiote.o(.bss)
    .bss                                     0x200032d8   Section       44  nrfx_uart.o(.bss)
    m_cb                                     0x200032d8   Data          44  nrfx_uart.o(.bss)
    .bss                                     0x20003304   Section       36  nrfx_uarte.o(.bss)
    m_cb                                     0x20003304   Data          36  nrfx_uarte.o(.bss)
    .bss                                     0x20003328   Section       32  app_button.o(.bss)
    m_detection_delay_timer_id_data          0x20003328   Data          32  app_button.o(.bss)
    .bss                                     0x20003348   Section      268  app_timer.o(.bss)
    m_op_queue                               0x20003348   Data         268  app_timer.o(.bss)
    .bss                                     0x20003454   Section       32  app_uart_fifo.o(.bss)
    m_rx_fifo                                0x20003454   Data          16  app_uart_fifo.o(.bss)
    m_tx_fifo                                0x20003464   Data          16  app_uart_fifo.o(.bss)
    .bss                                     0x20003474   Section       12  app_util_platform.o(.bss)
    .bss                                     0x20003480   Section       12  nrf_pwr_mgmt.o(.bss)
    m_handlers_iter                          0x20003480   Data          12  nrf_pwr_mgmt.o(.bss)
    .bss                                     0x2000348c   Section       64  nrf_log_backend_rtt.o(.bss)
    m_string_buff                            0x2000348c   Data          64  nrf_log_backend_rtt.o(.bss)
    .bss                                     0x200034cc   Section      192  nrf_log_frontend.o(.bss)
    log_mempool_nrf_balloc_pool_mem          0x200034cc   Data         192  nrf_log_frontend.o(.bss)
    .bss                                     0x2000358c   Section      128  nrf_log_frontend.o(.bss)
    m_log_push_ringbuf_buf                   0x2000358c   Data         128  nrf_log_frontend.o(.bss)
    .bss                                     0x2000360c   Section       24  nrf_log_frontend.o(.bss)
    m_log_push_ringbuf_cb                    0x2000360c   Data          24  nrf_log_frontend.o(.bss)
    .bss                                     0x20003624   Section     1060  nrf_log_frontend.o(.bss)
    m_log_data                               0x20003624   Data        1060  nrf_log_frontend.o(.bss)
    .bss                                     0x20003a48   Section      648  segger_rtt.o(.bss)
    _acUpBuffer                              0x20003ac0   Data         512  segger_rtt.o(.bss)
    _acDownBuffer                            0x20003cc0   Data          16  segger_rtt.o(.bss)
    STACK                                    0x20003cd0   Section     8192  arm_startup_nrf52.o(STACK)

    Global Symbols

    Symbol Name                              Value     Ov Type        Size  Object(Section)

    BuildAttributes$$THM_ISAv4$E$P$D$K$B$S$7EM$VFPi3$EXTD16$VFPS$VFMA$PE$A:L22UL41UL21$X:L11$S22US41US21$IEEE1$IW$USESV6$~STKCKD$USESV7$~SHL$OSPACE$ROPI$EBA8$MICROLIB$REQ8$EABIv2 0x00000000   Number         0  anon$$obj.o ABSOLUTE
    __ARM_use_no_argv                        0x00000000   Number         0  main.o ABSOLUTE
    __cpp_initialize__aeabi_                  - Undefined Weak Reference
    __cxa_finalize                            - Undefined Weak Reference
    _clock_init                               - Undefined Weak Reference
    _microlib_exit                            - Undefined Weak Reference
    log_dynamic_data$$Base                    - Undefined Reference
    pwr_mgmt_data0$$Base                      - Undefined Reference
    pwr_mgmt_data0$$Limit                     - Undefined Reference
    pwr_mgmt_data1$$Base                      - Undefined Reference
    pwr_mgmt_data1$$Limit                     - Undefined Reference
    pwr_mgmt_data2$$Base                      - Undefined Reference
    pwr_mgmt_data2$$Limit                     - Undefined Reference
    sdh_req_observers0$$Base                  - Undefined Reference
    sdh_req_observers0$$Limit                 - Undefined Reference
    sdh_req_observers1$$Base                  - Undefined Reference
    sdh_req_observers1$$Limit                 - Undefined Reference
    sdh_stack_observers1$$Base                - Undefined Reference
    sdh_stack_observers1$$Limit               - Undefined Reference
    sdh_state_observers1$$Base                - Undefined Reference
    sdh_state_observers1$$Limit               - Undefined Reference
    __Vectors_Size                           0x00000200   Number         0  arm_startup_nrf52.o ABSOLUTE
    __Vectors                                0x00026000   Data           4  arm_startup_nrf52.o(RESET)
    __Vectors_End                            0x00026200   Data           0  arm_startup_nrf52.o(RESET)
    __main                                   0x00026201   Thumb Code     0  entry.o(.ARM.Collect$$$$00000000)
    _main_stk                                0x00026201   Thumb Code     0  entry2.o(.ARM.Collect$$$$00000001)
    _main_scatterload                        0x00026205   Thumb Code     0  entry5.o(.ARM.Collect$$$$00000004)
    __main_after_scatterload                 0x00026209   Thumb Code     0  entry5.o(.ARM.Collect$$$$00000004)
    _main_clock                              0x00026209   Thumb Code     0  entry7b.o(.ARM.Collect$$$$00000008)
    _main_cpp_init                           0x00026209   Thumb Code     0  entry8b.o(.ARM.Collect$$$$0000000A)
    _main_init                               0x00026209   Thumb Code     0  entry9a.o(.ARM.Collect$$$$0000000B)
    __rt_final_cpp                           0x00026211   Thumb Code     0  entry10a.o(.ARM.Collect$$$$0000000D)
    __rt_final_exit                          0x00026211   Thumb Code     0  entry11a.o(.ARM.Collect$$$$0000000F)
    __asm___12_nrf_atomic_c_85ca2469__nrf_atomic_internal_mov 0x00026215   Thumb Code    24  nrf_atomic.o(.emb_text)
    __asm___12_nrf_atomic_c_85ca2469__nrf_atomic_internal_orr 0x0002622d   Thumb Code    26  nrf_atomic.o(.emb_text)
    __asm___12_nrf_atomic_c_85ca2469__nrf_atomic_internal_and 0x00026247   Thumb Code    26  nrf_atomic.o(.emb_text)
    __asm___12_nrf_atomic_c_85ca2469__nrf_atomic_internal_eor 0x00026261   Thumb Code    26  nrf_atomic.o(.emb_text)
    __asm___12_nrf_atomic_c_85ca2469__nrf_atomic_internal_add 0x0002627b   Thumb Code    26  nrf_atomic.o(.emb_text)
    __asm___12_nrf_atomic_c_85ca2469__nrf_atomic_internal_sub 0x00026295   Thumb Code    26  nrf_atomic.o(.emb_text)
    __asm___12_nrf_atomic_c_85ca2469__nrf_atomic_internal_cmp_exch 0x000262af   Thumb Code    42  nrf_atomic.o(.emb_text)
    __asm___12_nrf_atomic_c_85ca2469__nrf_atomic_internal_sub_hs 0x000262d9   Thumb Code    30  nrf_atomic.o(.emb_text)
    Reset_Handler                            0x000262f9   Thumb Code     8  arm_startup_nrf52.o(.text)
    NMI_Handler                              0x00026301   Thumb Code     2  arm_startup_nrf52.o(.text)
    HardFault_Handler                        0x00026303   Thumb Code     2  arm_startup_nrf52.o(.text)
    MemoryManagement_Handler                 0x00026305   Thumb Code     2  arm_startup_nrf52.o(.text)
    BusFault_Handler                         0x00026307   Thumb Code     2  arm_startup_nrf52.o(.text)
    UsageFault_Handler                       0x00026309   Thumb Code     2  arm_startup_nrf52.o(.text)
    SVC_Handler                              0x0002630b   Thumb Code     2  arm_startup_nrf52.o(.text)
    DebugMon_Handler                         0x0002630d   Thumb Code     2  arm_startup_nrf52.o(.text)
    PendSV_Handler                           0x0002630f   Thumb Code     2  arm_startup_nrf52.o(.text)
    SysTick_Handler                          0x00026311   Thumb Code     2  arm_startup_nrf52.o(.text)
    CCM_AAR_IRQHandler                       0x00026313   Thumb Code     0  arm_startup_nrf52.o(.text)
    COMP_LPCOMP_IRQHandler                   0x00026313   Thumb Code     0  arm_startup_nrf52.o(.text)
    ECB_IRQHandler                           0x00026313   Thumb Code     0  arm_startup_nrf52.o(.text)
    FPU_IRQHandler                           0x00026313   Thumb Code     0  arm_startup_nrf52.o(.text)
    I2S_IRQHandler                           0x00026313   Thumb Code     0  arm_startup_nrf52.o(.text)
    MWU_IRQHandler                           0x00026313   Thumb Code     0  arm_startup_nrf52.o(.text)
    NFCT_IRQHandler                          0x00026313   Thumb Code     0  arm_startup_nrf52.o(.text)
    PDM_IRQHandler                           0x00026313   Thumb Code     0  arm_startup_nrf52.o(.text)
    PWM0_IRQHandler                          0x00026313   Thumb Code     0  arm_startup_nrf52.o(.text)
    PWM1_IRQHandler                          0x00026313   Thumb Code     0  arm_startup_nrf52.o(.text)
    PWM2_IRQHandler                          0x00026313   Thumb Code     0  arm_startup_nrf52.o(.text)
    QDEC_IRQHandler                          0x00026313   Thumb Code     0  arm_startup_nrf52.o(.text)
    RADIO_IRQHandler                         0x00026313   Thumb Code     0  arm_startup_nrf52.o(.text)
    RNG_IRQHandler                           0x00026313   Thumb Code     0  arm_startup_nrf52.o(.text)
    RTC0_IRQHandler                          0x00026313   Thumb Code     0  arm_startup_nrf52.o(.text)
    RTC2_IRQHandler                          0x00026313   Thumb Code     0  arm_startup_nrf52.o(.text)
    SAADC_IRQHandler                         0x00026313   Thumb Code     0  arm_startup_nrf52.o(.text)
    SPIM0_SPIS0_TWIM0_TWIS0_SPI0_TWI0_IRQHandler 0x00026313   Thumb Code     0  arm_startup_nrf52.o(.text)
    SPIM1_SPIS1_TWIM1_TWIS1_SPI1_TWI1_IRQHandler 0x00026313   Thumb Code     0  arm_startup_nrf52.o(.text)
    SPIM2_SPIS2_SPI2_IRQHandler              0x00026313   Thumb Code     0  arm_startup_nrf52.o(.text)
    SWI1_EGU1_IRQHandler                     0x00026313   Thumb Code     0  arm_startup_nrf52.o(.text)
    SWI3_EGU3_IRQHandler                     0x00026313   Thumb Code     0  arm_startup_nrf52.o(.text)
    SWI4_EGU4_IRQHandler                     0x00026313   Thumb Code     0  arm_startup_nrf52.o(.text)
    SWI5_EGU5_IRQHandler                     0x00026313   Thumb Code     0  arm_startup_nrf52.o(.text)
    TEMP_IRQHandler                          0x00026313   Thumb Code     0  arm_startup_nrf52.o(.text)
    TIMER0_IRQHandler                        0x00026313   Thumb Code     0  arm_startup_nrf52.o(.text)
    TIMER1_IRQHandler                        0x00026313   Thumb Code     0  arm_startup_nrf52.o(.text)
    TIMER2_IRQHandler                        0x00026313   Thumb Code     0  arm_startup_nrf52.o(.text)
    TIMER3_IRQHandler                        0x00026313   Thumb Code     0  arm_startup_nrf52.o(.text)
    TIMER4_IRQHandler                        0x00026313   Thumb Code     0  arm_startup_nrf52.o(.text)
    WDT_IRQHandler                           0x00026313   Thumb Code     0  arm_startup_nrf52.o(.text)
    __aeabi_uldivmod                         0x0002631d   Thumb Code    98  uldiv.o(.text)
    __aeabi_llsl                             0x0002637f   Thumb Code    30  llshl.o(.text)
    _ll_shift_l                              0x0002637f   Thumb Code     0  llshl.o(.text)
    __rt_ctype_table                         0x0002639d   Thumb Code     4  ctype_o.o(.text)
    __aeabi_memcpy                           0x000263a5   Thumb Code    36  memcpya.o(.text)
    __aeabi_memcpy4                          0x000263a5   Thumb Code     0  memcpya.o(.text)
    __aeabi_memcpy8                          0x000263a5   Thumb Code     0  memcpya.o(.text)
    __aeabi_memset                           0x000263c9   Thumb Code    14  memseta.o(.text)
    __aeabi_memset4                          0x000263c9   Thumb Code     0  memseta.o(.text)
    __aeabi_memset8                          0x000263c9   Thumb Code     0  memseta.o(.text)
    __aeabi_memclr                           0x000263d7   Thumb Code     4  memseta.o(.text)
    __aeabi_memclr4                          0x000263d7   Thumb Code     0  memseta.o(.text)
    __aeabi_memclr8                          0x000263d7   Thumb Code     0  memseta.o(.text)
    _memset$wrapper                          0x000263db   Thumb Code    18  memseta.o(.text)
    strlen                                   0x000263ed   Thumb Code    14  strlen.o(.text)
    strcpy                                   0x000263fb   Thumb Code    18  strcpy.o(.text)
    __aeabi_llsr                             0x0002640d   Thumb Code    32  llushr.o(.text)
    _ll_ushift_r                             0x0002640d   Thumb Code     0  llushr.o(.text)
    __scatterload                            0x0002642d   Thumb Code    28  init.o(.text)
    __scatterload_rt2                        0x0002642d   Thumb Code     0  init.o(.text)
    __decompress                             0x00026451   Thumb Code     0  __dczerorl2.o(.text)
    __decompress1                            0x00026451   Thumb Code    86  __dczerorl2.o(.text)
    GPIOTE_IRQHandler                        0x000264a9   Thumb Code   346  nrfx_gpiote.o(i.GPIOTE_IRQHandler)
    POWER_CLOCK_IRQHandler                   0x00026671   Thumb Code    82  nrfx_clock.o(i.POWER_CLOCK_IRQHandler)
    RTC1_IRQHandler                          0x000266c9   Thumb Code    32  app_timer.o(i.RTC1_IRQHandler)
    SEGGER_RTT_Init                          0x000266ed   Thumb Code     4  segger_rtt.o(i.SEGGER_RTT_Init)
    SEGGER_RTT_WriteNoLock                   0x000266f1   Thumb Code    86  segger_rtt.o(i.SEGGER_RTT_WriteNoLock)
    SWI0_EGU0_IRQHandler                     0x0002674d   Thumb Code     4  app_timer.o(i.SWI0_EGU0_IRQHandler)
    SWI2_EGU2_IRQHandler                     0x00026751   Thumb Code     4  nrf_sdh.o(i.SWI2_EGU2_IRQHandler)
    SystemInit                               0x00026755   Thumb Code   726  system_nrf52.o(i.SystemInit)
    UARTE0_UART0_IRQHandler                  0x00026a71   Thumb Code     6  nrfx_prs.o(i.UARTE0_UART0_IRQHandler)
    __0printf$bare                           0x00026b99   Thumb Code     8  printfb.o(i.__0printf$bare)
    __1printf$bare                           0x00026b99   Thumb Code     0  printfb.o(i.__0printf$bare)
    __2printf                                0x00026b99   Thumb Code     0  printfb.o(i.__0printf$bare)
    __scatterload_copy                       0x00026ba9   Thumb Code    14  handlers.o(i.__scatterload_copy)
    __scatterload_null                       0x00026bb7   Thumb Code     2  handlers.o(i.__scatterload_null)
    __scatterload_zeroinit                   0x00026bb9   Thumb Code    14  handlers.o(i.__scatterload_zeroinit)
    app_button_enable                        0x00026c4d   Thumb Code    32  app_button.o(i.app_button_enable)
    app_button_init                          0x00026c71   Thumb Code   102  app_button.o(i.app_button_init)
    app_error_fault_handler                  0x00026ce9   Thumb Code    86  app_error_weak.o(i.app_error_fault_handler)
    app_error_handler_bare                   0x00026d6d   Thumb Code    22  app_error.o(i.app_error_handler_bare)
    app_fifo_get                             0x00026d83   Thumb Code    22  app_fifo.o(i.app_fifo_get)
    app_fifo_init                            0x00026d99   Thumb Code    32  app_fifo.o(i.app_fifo_init)
    app_fifo_put                             0x00026db9   Thumb Code    26  app_fifo.o(i.app_fifo_put)
    app_timer_create                         0x00026dd5   Thumb Code    36  app_timer.o(i.app_timer_create)
    app_timer_init                           0x00026dfd   Thumb Code    70  app_timer.o(i.app_timer_init)
    app_timer_start                          0x00026e51   Thumb Code   128  app_timer.o(i.app_timer_start)
    app_timer_stop                           0x00026ed9   Thumb Code    26  app_timer.o(i.app_timer_stop)
    app_uart_get                             0x00026ef9   Thumb Code    42  app_uart_fifo.o(i.app_uart_get)
    app_uart_init                            0x00026f2d   Thumb Code   148  app_uart_fifo.o(i.app_uart_init)
    app_uart_put                             0x00026fd1   Thumb Code    70  app_uart_fifo.o(i.app_uart_put)
    app_util_critical_region_enter           0x00027025   Thumb Code    64  app_util_platform.o(i.app_util_critical_region_enter)
    app_util_critical_region_exit            0x0002706d   Thumb Code    46  app_util_platform.o(i.app_util_critical_region_exit)
    blcm_link_ctx_get                        0x000271b1   Thumb Code    72  ble_link_ctx_manager.o(i.blcm_link_ctx_get)
    ble_advdata_encode                       0x000271f9   Thumb Code   386  ble_advdata.o(i.ble_advdata_encode)
    ble_advdata_parse                        0x0002737b   Thumb Code    32  ble_advdata.o(i.ble_advdata_parse)
    ble_advdata_search                       0x0002739b   Thumb Code    56  ble_advdata.o(i.ble_advdata_search)
    ble_advertising_conn_cfg_tag_set         0x000273d3   Thumb Code     6  ble_advertising.o(i.ble_advertising_conn_cfg_tag_set)
    ble_advertising_init                     0x000273d9   Thumb Code   270  ble_advertising.o(i.ble_advertising_init)
    ble_advertising_on_ble_evt               0x000274e7   Thumb Code   106  ble_advertising.o(i.ble_advertising_on_ble_evt)
    ble_advertising_on_sys_evt               0x00027551   Thumb Code     2  ble_advertising.o(i.ble_advertising_on_sys_evt)
    ble_advertising_restart_without_whitelist 0x00027553   Thumb Code    58  ble_advertising.o(i.ble_advertising_restart_without_whitelist)
    ble_advertising_start                    0x0002758d   Thumb Code   556  ble_advertising.o(i.ble_advertising_start)
    ble_conn_params_init                     0x000277b9   Thumb Code    90  ble_conn_params.o(i.ble_conn_params_init)
    ble_conn_state_conn_idx                  0x00027821   Thumb Code    18  ble_conn_state.o(i.ble_conn_state_conn_idx)
    ble_conn_state_valid                     0x00027835   Thumb Code    16  ble_conn_state.o(i.ble_conn_state_valid)
    ble_nus_data_send                        0x00027bf5   Thumb Code   102  ble_nus.o(i.ble_nus_data_send)
    ble_nus_init                             0x00027c5d   Thumb Code   206  ble_nus.o(i.ble_nus_init)
    ble_nus_on_ble_evt                       0x00027d31   Thumb Code   112  ble_nus.o(i.ble_nus_on_ble_evt)
    ble_srv_is_notification_enabled          0x00027da1   Thumb Code     8  ble_srv_common.o(i.ble_srv_is_notification_enabled)
    bsp_board_button_idx_to_pin              0x00027da9   Thumb Code     6  boards.o(i.bsp_board_button_idx_to_pin)
    bsp_board_button_state_get               0x00027db5   Thumb Code    28  boards.o(i.bsp_board_button_state_get)
    bsp_board_init                           0x00027dd5   Thumb Code    80  boards.o(i.bsp_board_init)
    bsp_board_led_invert                     0x00027e29   Thumb Code    32  boards.o(i.bsp_board_led_invert)
    bsp_board_led_off                        0x00027e4d   Thumb Code    10  boards.o(i.bsp_board_led_off)
    bsp_board_led_on                         0x00027e5d   Thumb Code    10  boards.o(i.bsp_board_led_on)
    bsp_board_led_state_get                  0x00027e6d   Thumb Code    28  boards.o(i.bsp_board_led_state_get)
    bsp_board_leds_off                       0x00027e8d   Thumb Code    18  boards.o(i.bsp_board_leds_off)
    bsp_board_leds_on                        0x00027e9f   Thumb Code    18  boards.o(i.bsp_board_leds_on)
    bsp_board_pin_to_button_idx              0x00027eb1   Thumb Code    30  boards.o(i.bsp_board_pin_to_button_idx)
    bsp_btn_ble_init                         0x00027ed5   Thumb Code    52  bsp_btn_ble.o(i.bsp_btn_ble_init)
    bsp_btn_ble_sleep_mode_prepare           0x00027f0d   Thumb Code    30  bsp_btn_ble.o(i.bsp_btn_ble_sleep_mode_prepare)
    bsp_button_is_pressed                    0x00027fbd   Thumb Code    12  bsp.o(i.bsp_button_is_pressed)
    bsp_event_handler                        0x00027fc9   Thumb Code    66  main.o(i.bsp_event_handler)
    bsp_event_to_button_action_assign        0x00028015   Thumb Code    64  bsp.o(i.bsp_event_to_button_action_assign)
    bsp_indication_set                       0x00028059   Thumb Code    20  bsp.o(i.bsp_indication_set)
    bsp_init                                 0x00028071   Thumb Code   128  bsp.o(i.bsp_init)
    bsp_wakeup_button_enable                 0x000282cd   Thumb Code     6  bsp.o(i.bsp_wakeup_button_enable)
    buffer_is_empty                          0x00028395   Thumb Code    16  nrf_log_frontend.o(i.buffer_is_empty)
    characteristic_add                       0x00028425   Thumb Code   400  ble_srv_common.o(i.characteristic_add)
    conn_handle_list_get                     0x000286a5   Thumb Code    62  ble_conn_state.o(i.conn_handle_list_get)
    fputc                                    0x000289b7   Thumb Code    14  retarget.o(i.fputc)
    gatt_evt_handler                         0x000289c5   Thumb Code    52  main.o(i.gatt_evt_handler)
    gatt_init                                0x00028a21   Thumb Code    38  main.o(i.gatt_init)
    main                                     0x00028e75   Thumb Code   462  main.o(i.main)
    nrf_atflags_clear                        0x00029293   Thumb Code    22  nrf_atflags.o(i.nrf_atflags_clear)
    nrf_atflags_get                          0x000292a9   Thumb Code    22  nrf_atflags.o(i.nrf_atflags_get)
    nrf_atflags_set                          0x000292bf   Thumb Code    20  nrf_atflags.o(i.nrf_atflags_set)
    nrf_atomic_flag_clear_fetch              0x000292d3   Thumb Code     6  nrf_atomic.o(i.nrf_atomic_flag_clear_fetch)
    nrf_atomic_flag_set                      0x000292d9   Thumb Code     6  nrf_atomic.o(i.nrf_atomic_flag_set)
    nrf_atomic_u32_add                       0x000292df   Thumb Code    12  nrf_atomic.o(i.nrf_atomic_u32_add)
    nrf_atomic_u32_and                       0x000292eb   Thumb Code    12  nrf_atomic.o(i.nrf_atomic_u32_and)
    nrf_atomic_u32_fetch_and                 0x000292f7   Thumb Code    10  nrf_atomic.o(i.nrf_atomic_u32_fetch_and)
    nrf_atomic_u32_fetch_store               0x00029301   Thumb Code    10  nrf_atomic.o(i.nrf_atomic_u32_fetch_store)
    nrf_atomic_u32_or                        0x0002930b   Thumb Code    12  nrf_atomic.o(i.nrf_atomic_u32_or)
    nrf_atomic_u32_sub                       0x00029317   Thumb Code    12  nrf_atomic.o(i.nrf_atomic_u32_sub)
    nrf_balloc_alloc                         0x00029323   Thumb Code    68  nrf_balloc.o(i.nrf_balloc_alloc)
    nrf_balloc_free                          0x00029367   Thumb Code    48  nrf_balloc.o(i.nrf_balloc_free)
    nrf_balloc_init                          0x00029397   Thumb Code    48  nrf_balloc.o(i.nrf_balloc_init)
    nrf_ble_gatt_att_mtu_periph_set          0x000293eb   Thumb Code    24  nrf_ble_gatt.o(i.nrf_ble_gatt_att_mtu_periph_set)
    nrf_ble_gatt_init                        0x00029403   Thumb Code    34  nrf_ble_gatt.o(i.nrf_ble_gatt_init)
    nrf_ble_gatt_on_ble_evt                  0x00029425   Thumb Code   270  nrf_ble_gatt.o(i.nrf_ble_gatt_on_ble_evt)
    nrf_ble_qwr_conn_handle_assign           0x00029575   Thumb Code    22  nrf_ble_qwr.o(i.nrf_ble_qwr_conn_handle_assign)
    nrf_ble_qwr_init                         0x0002958b   Thumb Code    36  nrf_ble_qwr.o(i.nrf_ble_qwr_init)
    nrf_ble_qwr_on_ble_evt                   0x000295af   Thumb Code   182  nrf_ble_qwr.o(i.nrf_ble_qwr_on_ble_evt)
    nrf_drv_clock_init                       0x00029685   Thumb Code    48  nrf_drv_clock.o(i.nrf_drv_clock_init)
    nrf_drv_clock_lfclk_release              0x000296bd   Thumb Code    42  nrf_drv_clock.o(i.nrf_drv_clock_lfclk_release)
    nrf_drv_uart_init                        0x000296ed   Thumb Code    90  nrf_drv_uart.o(i.nrf_drv_uart_init)
    nrf_fprintf                              0x00029795   Thumb Code    26  nrf_fprintf.o(i.nrf_fprintf)
    nrf_fprintf_buffer_flush                 0x000297af   Thumb Code    24  nrf_fprintf.o(i.nrf_fprintf_buffer_flush)
    nrf_fprintf_fmt                          0x000297c7   Thumb Code   474  nrf_fprintf_format.o(i.nrf_fprintf_fmt)
    nrf_log_backend_add                      0x00029b01   Thumb Code    86  nrf_log_frontend.o(i.nrf_log_backend_add)
    nrf_log_backend_rtt_init                 0x00029b5f   Thumb Code     4  nrf_log_backend_rtt.o(i.nrf_log_backend_rtt_init)
    nrf_log_backend_serial_put               0x00029b7d   Thumb Code   200  nrf_log_backend_serial.o(i.nrf_log_backend_serial_put)
    nrf_log_color_id_get                     0x00029c45   Thumb Code    42  nrf_log_frontend.o(i.nrf_log_color_id_get)
    nrf_log_default_backends_init            0x00029c75   Thumb Code    24  nrf_log_default_backends.o(i.nrf_log_default_backends_init)
    nrf_log_frontend_dequeue                 0x00029c91   Thumb Code   528  nrf_log_frontend.o(i.nrf_log_frontend_dequeue)
    nrf_log_frontend_std_0                   0x00029ec5   Thumb Code     8  nrf_log_frontend.o(i.nrf_log_frontend_std_0)
    nrf_log_frontend_std_1                   0x00029ecd   Thumb Code    14  nrf_log_frontend.o(i.nrf_log_frontend_std_1)
    nrf_log_frontend_std_2                   0x00029edb   Thumb Code    16  nrf_log_frontend.o(i.nrf_log_frontend_std_2)
    nrf_log_hexdump_entry_process            0x00029eed   Thumb Code   150  nrf_log_str_formatter.o(i.nrf_log_hexdump_entry_process)
    nrf_log_init                             0x00029f9d   Thumb Code    46  nrf_log_frontend.o(i.nrf_log_init)
    nrf_log_module_cnt_get                   0x00029fd9   Thumb Code    10  nrf_log_frontend.o(i.nrf_log_module_cnt_get)
    nrf_log_module_name_get                  0x00029fed   Thumb Code    24  nrf_log_frontend.o(i.nrf_log_module_name_get)
    nrf_log_panic                            0x0002a009   Thumb Code    38  nrf_log_frontend.o(i.nrf_log_panic)
    nrf_log_std_entry_process                0x0002a035   Thumb Code   182  nrf_log_str_formatter.o(i.nrf_log_std_entry_process)
    nrf_memobj_alloc                         0x0002a0eb   Thumb Code    96  nrf_memobj.o(i.nrf_memobj_alloc)
    nrf_memobj_free                          0x0002a14b   Thumb Code    50  nrf_memobj.o(i.nrf_memobj_free)
    nrf_memobj_get                           0x0002a17d   Thumb Code     8  nrf_memobj.o(i.nrf_memobj_get)
    nrf_memobj_pool_init                     0x0002a185   Thumb Code     4  nrf_memobj.o(i.nrf_memobj_pool_init)
    nrf_memobj_put                           0x0002a189   Thumb Code    30  nrf_memobj.o(i.nrf_memobj_put)
    nrf_memobj_read                          0x0002a1a7   Thumb Code    16  nrf_memobj.o(i.nrf_memobj_read)
    nrf_memobj_write                         0x0002a1b7   Thumb Code    16  nrf_memobj.o(i.nrf_memobj_write)
    nrf_pwr_mgmt_init                        0x0002a1c9   Thumb Code    28  nrf_pwr_mgmt.o(i.nrf_pwr_mgmt_init)
    nrf_pwr_mgmt_run                         0x0002a1f1   Thumb Code    64  nrf_pwr_mgmt.o(i.nrf_pwr_mgmt_run)
    nrf_ringbuf_init                         0x0002a239   Thumb Code    28  nrf_ringbuf.o(i.nrf_ringbuf_init)
    nrf_sdh_ble_app_ram_start_get            0x0002a255   Thumb Code    16  nrf_sdh_ble.o(i.nrf_sdh_ble_app_ram_start_get)
    nrf_sdh_ble_default_cfg_set              0x0002a269   Thumb Code   272  nrf_sdh_ble.o(i.nrf_sdh_ble_default_cfg_set)
    nrf_sdh_ble_enable                       0x0002a399   Thumb Code   116  nrf_sdh_ble.o(i.nrf_sdh_ble_enable)
    nrf_sdh_enable_request                   0x0002a529   Thumb Code   102  nrf_sdh.o(i.nrf_sdh_enable_request)
    nrf_sdh_evts_poll                        0x0002a59d   Thumb Code    32  nrf_sdh.o(i.nrf_sdh_evts_poll)
    nrf_sdh_is_enabled                       0x0002a5c1   Thumb Code     6  nrf_sdh.o(i.nrf_sdh_is_enabled)
    nrf_section_iter_init                    0x0002a609   Thumb Code    10  nrf_section_iter.o(i.nrf_section_iter_init)
    nrf_section_iter_next                    0x0002a637   Thumb Code    32  nrf_section_iter.o(i.nrf_section_iter_next)
    nrf_strerror_find                        0x0002a659   Thumb Code    52  nrf_strerror.o(i.nrf_strerror_find)
    nrf_strerror_get                         0x0002a691   Thumb Code    14  nrf_strerror.o(i.nrf_strerror_get)
    nrfx_clock_enable                        0x0002a6dd   Thumb Code    34  nrfx_clock.o(i.nrfx_clock_enable)
    nrfx_clock_init                          0x0002a709   Thumb Code    26  nrfx_clock.o(i.nrfx_clock_init)
    nrfx_clock_lfclk_stop                    0x0002a729   Thumb Code    20  nrfx_clock.o(i.nrfx_clock_lfclk_stop)
    nrfx_gpiote_in_event_enable              0x0002a755   Thumb Code   156  nrfx_gpiote.o(i.nrfx_gpiote_in_event_enable)
    nrfx_gpiote_in_init                      0x0002a7f9   Thumb Code   194  nrfx_gpiote.o(i.nrfx_gpiote_in_init)
    nrfx_gpiote_in_is_set                    0x0002a8c9   Thumb Code    20  nrfx_gpiote.o(i.nrfx_gpiote_in_is_set)
    nrfx_gpiote_init                         0x0002a8dd   Thumb Code    94  nrfx_gpiote.o(i.nrfx_gpiote_init)
    nrfx_gpiote_is_init                      0x0002a949   Thumb Code    14  nrfx_gpiote.o(i.nrfx_gpiote_is_init)
    nrfx_prs_acquire                         0x0002a96d   Thumb Code    58  nrfx_prs.o(i.nrfx_prs_acquire)
    nrfx_uart_0_irq_handler                  0x0002a9a9   Thumb Code     8  nrfx_uart.o(i.nrfx_uart_0_irq_handler)
    nrfx_uart_init                           0x0002a9b9   Thumb Code   196  nrfx_uart.o(i.nrfx_uart_init)
    nrfx_uart_rx                             0x0002aa89   Thumb Code   230  nrfx_uart.o(i.nrfx_uart_rx)
    nrfx_uart_tx                             0x0002ab75   Thumb Code   160  nrfx_uart.o(i.nrfx_uart_tx)
    nrfx_uart_tx_in_progress                 0x0002ac19   Thumb Code    26  nrfx_uart.o(i.nrfx_uart_tx_in_progress)
    nrfx_uarte_0_irq_handler                 0x0002ac39   Thumb Code     8  nrfx_uarte.o(i.nrfx_uarte_0_irq_handler)
    nrfx_uarte_init                          0x0002ac49   Thumb Code   100  nrfx_uarte.o(i.nrfx_uarte_init)
    nrfx_uarte_rx                            0x0002acb5   Thumb Code   256  nrfx_uarte.o(i.nrfx_uarte_rx)
    nrfx_uarte_tx                            0x0002adb9   Thumb Code   138  nrfx_uarte.o(i.nrfx_uarte_tx)
    nrfx_uarte_tx_in_progress                0x0002ae49   Thumb Code    22  nrfx_uarte.o(i.nrfx_uarte_tx_in_progress)
    uart_event_handle                        0x0002b869   Thumb Code   112  main.o(i.uart_event_handle)
    nrf_log_backend_rtt_api                  0x0002c0b8   Data          12  nrf_log_backend_rtt.o(.constdata)
    m_ram_start                              0x0002c15c   Data           4  nrf_sdh_ble.o(.constdata)
    __ctype_table                            0x0002c188   Data         129  ctype_o.o(.constdata)
    Region$$Table$$Base                      0x0002c95c   Number         0  anon$$obj.o(Region$$Table)
    Region$$Table$$Limit                     0x0002c97c   Number         0  anon$$obj.o(Region$$Table)
    log_const_data$$Base                     0x0002c98c   Number         0  nrf_ble_gatt.o(log_const_data)
    m_nrf_log_nrf_ble_gatt_logs_data_const   0x0002c98c   Data           8  nrf_ble_gatt.o(log_const_data)
    m_nrf_log_ble_nus_logs_data_const        0x0002c994   Data           8  ble_nus.o(log_const_data)
    m_nrf_log_clock_logs_data_const          0x0002c99c   Data           8  nrf_drv_clock.o(log_const_data)
    m_nrf_log_CLOCK_logs_data_const          0x0002c9a4   Data           8  nrfx_clock.o(log_const_data)
    m_nrf_log_GPIOTE_logs_data_const         0x0002c9ac   Data           8  nrfx_gpiote.o(log_const_data)
    m_nrf_log_PRS_logs_data_const            0x0002c9b4   Data           8  nrfx_prs.o(log_const_data)
    m_nrf_log_UART_logs_data_const           0x0002c9bc   Data           8  nrfx_uart.o(log_const_data)
    m_nrf_log_UARTE_logs_data_const          0x0002c9c4   Data           8  nrfx_uarte.o(log_const_data)
    m_nrf_log_pwr_mgmt_logs_data_const       0x0002c9cc   Data           8  nrf_pwr_mgmt.o(log_const_data)
    m_nrf_log_app_logs_data_const            0x0002c9d4   Data           8  nrf_log_frontend.o(log_const_data)
    m_nrf_log_nrf_sdh_logs_data_const        0x0002c9dc   Data           8  nrf_sdh.o(log_const_data)
    m_nrf_log_nrf_sdh_ble_logs_data_const    0x0002c9e4   Data           8  nrf_sdh_ble.o(log_const_data)
    m_nrf_log_nrf_sdh_soc_logs_data_const    0x0002c9ec   Data           8  nrf_sdh_soc.o(log_const_data)
    log_const_data$$Limit                    0x0002c9f4   Number         0  nrf_sdh_soc.o(log_const_data)
    log_mempool                              0x0002c9f4   Data          20  nrf_log_frontend.o(nrf_balloc)
    sdh_ble_observers0$$Base                 0x0002ca08   Number         0  ble_conn_state.o(sdh_ble_observers0)
    sdh_ble_observers0$$Limit                0x0002ca10   Number         0  ble_conn_state.o(sdh_ble_observers0)
    sdh_ble_observers1$$Base                 0x0002ca10   Number         0  main.o(sdh_ble_observers1)
    sdh_ble_observers1$$Limit                0x0002ca30   Number         0  ble_conn_params.o(sdh_ble_observers1)
    sdh_ble_observers2$$Base                 0x0002ca30   Number         0  main.o(sdh_ble_observers2)
    sdh_ble_observers2$$Limit                0x0002ca40   Number         0  main.o(sdh_ble_observers2)
    sdh_ble_observers3$$Base                 0x0002ca40   Number         0  main.o(sdh_ble_observers3)
    sdh_ble_observers3$$Limit                0x0002ca48   Number         0  main.o(sdh_ble_observers3)
    sdh_soc_observers0$$Base                 0x0002ca48   Number         0  nrf_drv_clock.o(sdh_soc_observers0)
    sdh_soc_observers0$$Limit                0x0002ca50   Number         0  nrf_drv_clock.o(sdh_soc_observers0)
    sdh_soc_observers1$$Base                 0x0002ca50   Number         0  main.o(sdh_soc_observers1)
    sdh_soc_observers1$$Limit                0x0002ca58   Number         0  main.o(sdh_soc_observers1)
    sdh_stack_observers0$$Base               0x0002ca58   Number         0  nrf_sdh_ble.o(sdh_stack_observers0)
    sdh_stack_observers0$$Limit              0x0002ca68   Number         0  nrf_sdh_soc.o(sdh_stack_observers0)
    sdh_state_observers0$$Base               0x0002ca68   Number         0  nrf_drv_clock.o(sdh_state_observers0)
    sdh_state_observers0$$Limit              0x0002ca70   Number         0  nrf_drv_clock.o(sdh_state_observers0)
    Image$$RW_IRAM1$$Base                    0x20002a98   Number         0  anon$$obj.o ABSOLUTE
    nrf_drv_uart_use_easy_dma                0x20002aec   Data           1  nrf_drv_uart.o(.data)
    __stdout                                 0x20002b60   Data           4  retarget.o(.data)
    SystemCoreClock                          0x20002bc4   Data           4  system_nrf52.o(.data)
    nrf_nvic_state                           0x20003474   Data          12  app_util_platform.o(.bss)
    _SEGGER_RTT                              0x20003a48   Data         120  segger_rtt.o(.bss)
    __initial_sp                             0x20005cd0   Data           0  arm_startup_nrf52.o(STACK)



==============================================================================

Memory Map of the image

  Image Entry point : 0x00026201

  Load Region LR_IROM1 (Base: 0x00026000, Size: 0x00006ba0, Max: 0x0005a000, ABSOLUTE, COMPRESSED[0x00006ac0])

    Execution Region ER_IROM1 (Exec base: 0x00026000, Load base: 0x00026000, Size: 0x00006a70, Max: 0x0005a000, ABSOLUTE)

    Exec Addr    Load Addr    Size         Type   Attr      Idx    E Section Name        Object

    0x00026000   0x00026000   0x00000200   Data   RO         4838    RESET               arm_startup_nrf52.o
    0x00026200   0x00026200   0x00000000   Code   RO         4879  * .ARM.Collect$$$$00000000  mc_w.l(entry.o)
    0x00026200   0x00026200   0x00000004   Code   RO         5186    .ARM.Collect$$$$00000001  mc_w.l(entry2.o)
    0x00026204   0x00026204   0x00000004   Code   RO         5189    .ARM.Collect$$$$00000004  mc_w.l(entry5.o)
    0x00026208   0x00026208   0x00000000   Code   RO         5191    .ARM.Collect$$$$00000008  mc_w.l(entry7b.o)
    0x00026208   0x00026208   0x00000000   Code   RO         5193    .ARM.Collect$$$$0000000A  mc_w.l(entry8b.o)
    0x00026208   0x00026208   0x00000008   Code   RO         5194    .ARM.Collect$$$$0000000B  mc_w.l(entry9a.o)
    0x00026210   0x00026210   0x00000000   Code   RO         5196    .ARM.Collect$$$$0000000D  mc_w.l(entry10a.o)
    0x00026210   0x00026210   0x00000000   Code   RO         5198    .ARM.Collect$$$$0000000F  mc_w.l(entry11a.o)
    0x00026210   0x00026210   0x00000004   Code   RO         5187    .ARM.Collect$$$$00002712  mc_w.l(entry2.o)
    0x00026214   0x00026214   0x000000e2   Code   RO         3422    .emb_text           nrf_atomic.o
    0x000262f6   0x000262f6   0x00000002   PAD
    0x000262f8   0x000262f8   0x00000024   Code   RO         4839    .text               arm_startup_nrf52.o
    0x0002631c   0x0002631c   0x00000062   Code   RO         4882    .text               mc_w.l(uldiv.o)
    0x0002637e   0x0002637e   0x0000001e   Code   RO         4884    .text               mc_w.l(llshl.o)
    0x0002639c   0x0002639c   0x00000008   Code   RO         4886    .text               mc_w.l(ctype_o.o)
    0x000263a4   0x000263a4   0x00000024   Code   RO         4914    .text               mc_w.l(memcpya.o)
    0x000263c8   0x000263c8   0x00000024   Code   RO         4916    .text               mc_w.l(memseta.o)
    0x000263ec   0x000263ec   0x0000000e   Code   RO         4918    .text               mc_w.l(strlen.o)
    0x000263fa   0x000263fa   0x00000012   Code   RO         4922    .text               mc_w.l(strcpy.o)
    0x0002640c   0x0002640c   0x00000020   Code   RO         5202    .text               mc_w.l(llushr.o)
    0x0002642c   0x0002642c   0x00000024   Code   RO         5215    .text               mc_w.l(init.o)
    0x00026450   0x00026450   0x00000056   Code   RO         5229    .text               mc_w.l(__dczerorl2.o)
    0x000264a6   0x000264a6   0x00000002   PAD
    0x000264a8   0x000264a8   0x00000164   Code   RO         1956    i.GPIOTE_IRQHandler  nrfx_gpiote.o
    0x0002660c   0x0002660c   0x00000016   Code   RO         2914    i.NVIC_ClearPendingIRQ  app_timer.o
    0x00026622   0x00026622   0x00000016   Code   RO         2915    i.NVIC_EnableIRQ    app_timer.o
    0x00026638   0x00026638   0x00000016   Code   RO         2916    i.NVIC_SetPendingIRQ  app_timer.o
    0x0002664e   0x0002664e   0x00000020   Code   RO         2917    i.NVIC_SetPriority  app_timer.o
    0x0002666e   0x0002666e   0x00000002   PAD
    0x00026670   0x00026670   0x00000058   Code   RO         1818    i.POWER_CLOCK_IRQHandler  nrfx_clock.o
    0x000266c8   0x000266c8   0x00000024   Code   RO         2918    i.RTC1_IRQHandler   app_timer.o
    0x000266ec   0x000266ec   0x00000004   Code   RO         4378    i.SEGGER_RTT_Init   segger_rtt.o
    0x000266f0   0x000266f0   0x0000005c   Code   RO         4392    i.SEGGER_RTT_WriteNoLock  segger_rtt.o
    0x0002674c   0x0002674c   0x00000004   Code   RO         2919    i.SWI0_EGU0_IRQHandler  app_timer.o
    0x00026750   0x00026750   0x00000004   Code   RO         4629    i.SWI2_EGU2_IRQHandler  nrf_sdh.o
    0x00026754   0x00026754   0x0000031c   Code   RO         4847    i.SystemInit        system_nrf52.o
    0x00026a70   0x00026a70   0x0000000c   Code   RO         2225    i.UARTE0_UART0_IRQHandler  nrfx_prs.o
    0x00026a7c   0x00026a7c   0x00000068   Code   RO         4396    i._DoInit           segger_rtt.o
    0x00026ae4   0x00026ae4   0x00000016   Code   RO         4397    i._GetAvailWriteSpace  segger_rtt.o
    0x00026afa   0x00026afa   0x0000005a   Code   RO         4399    i._WriteBlocking    segger_rtt.o
    0x00026b54   0x00026b54   0x00000042   Code   RO         4400    i._WriteNoCheck     segger_rtt.o
    0x00026b96   0x00026b96   0x00000002   PAD
    0x00026b98   0x00026b98   0x00000010   Code   RO         4927    i.__0printf$bare    mc_w.l(printfb.o)
    0x00026ba8   0x00026ba8   0x0000000e   Code   RO         5223    i.__scatterload_copy  mc_w.l(handlers.o)
    0x00026bb6   0x00026bb6   0x00000002   Code   RO         5224    i.__scatterload_null  mc_w.l(handlers.o)
    0x00026bb8   0x00026bb8   0x0000000e   Code   RO         5225    i.__scatterload_zeroinit  mc_w.l(handlers.o)
    0x00026bc6   0x00026bc6   0x00000002   PAD
    0x00026bc8   0x00026bc8   0x00000024   Code   RO         4630    i.__sd_nvic_app_accessible_irq  nrf_sdh.o
    0x00026bec   0x00026bec   0x00000022   Code   RO         4934    i._printf_core      mc_w.l(printfb.o)
    0x00026c0e   0x00026c0e   0x00000036   Code   RO          655    i.advertising_buttons_configure  bsp_btn_ble.o
    0x00026c44   0x00026c44   0x00000006   Code   RO          538    i.alert_timer_handler  bsp.o
    0x00026c4a   0x00026c4a   0x00000002   PAD
    0x00026c4c   0x00026c4c   0x00000024   Code   RO         2623    i.app_button_enable  app_button.o
    0x00026c70   0x00026c70   0x00000078   Code   RO         2624    i.app_button_init   app_button.o
    0x00026ce8   0x00026ce8   0x00000084   Code   RO         2747    i.app_error_fault_handler  app_error_weak.o
    0x00026d6c   0x00026d6c   0x00000016   Code   RO         2687    i.app_error_handler_bare  app_error.o
    0x00026d82   0x00026d82   0x00000016   Code   RO         2791    i.app_fifo_get      app_fifo.o
    0x00026d98   0x00026d98   0x00000020   Code   RO         2792    i.app_fifo_init     app_fifo.o
    0x00026db8   0x00026db8   0x0000001a   Code   RO         2794    i.app_fifo_put      app_fifo.o
    0x00026dd2   0x00026dd2   0x00000002   PAD
    0x00026dd4   0x00026dd4   0x00000028   Code   RO         2922    i.app_timer_create  app_timer.o
    0x00026dfc   0x00026dfc   0x00000054   Code   RO         2923    i.app_timer_init    app_timer.o
    0x00026e50   0x00026e50   0x00000088   Code   RO         2926    i.app_timer_start   app_timer.o
    0x00026ed8   0x00026ed8   0x00000020   Code   RO         2927    i.app_timer_stop    app_timer.o
    0x00026ef8   0x00026ef8   0x00000034   Code   RO         3089    i.app_uart_get      app_uart_fifo.o
    0x00026f2c   0x00026f2c   0x000000a4   Code   RO         3090    i.app_uart_init     app_uart_fifo.o
    0x00026fd0   0x00026fd0   0x00000054   Code   RO         3091    i.app_uart_put      app_uart_fifo.o
    0x00027024   0x00027024   0x00000048   Code   RO         3170    i.app_util_critical_region_enter  app_util_platform.o
    0x0002706c   0x0002706c   0x00000034   Code   RO         3171    i.app_util_critical_region_exit  app_util_platform.o
    0x000270a0   0x000270a0   0x00000088   Code   RO         2279    i.apply_config      nrfx_uart.o
    0x00027128   0x00027128   0x00000088   Code   RO         2467    i.apply_config      nrfx_uarte.o
    0x000271b0   0x000271b0   0x00000048   Code   RO         1194    i.blcm_link_ctx_get  ble_link_ctx_manager.o
    0x000271f8   0x000271f8   0x00000182   Code   RO          759    i.ble_advdata_encode  ble_advdata.o
    0x0002737a   0x0002737a   0x00000020   Code   RO          761    i.ble_advdata_parse  ble_advdata.o
    0x0002739a   0x0002739a   0x00000038   Code   RO          762    i.ble_advdata_search  ble_advdata.o
    0x000273d2   0x000273d2   0x00000006   Code   RO          866    i.ble_advertising_conn_cfg_tag_set  ble_advertising.o
    0x000273d8   0x000273d8   0x0000010e   Code   RO          867    i.ble_advertising_init  ble_advertising.o
    0x000274e6   0x000274e6   0x0000006a   Code   RO          869    i.ble_advertising_on_ble_evt  ble_advertising.o
    0x00027550   0x00027550   0x00000002   Code   RO          870    i.ble_advertising_on_sys_evt  ble_advertising.o
    0x00027552   0x00027552   0x0000003a   Code   RO          872    i.ble_advertising_restart_without_whitelist  ble_advertising.o
    0x0002758c   0x0002758c   0x0000022c   Code   RO          873    i.ble_advertising_start  ble_advertising.o
    0x000277b8   0x000277b8   0x00000068   Code   RO          962    i.ble_conn_params_init  ble_conn_params.o
    0x00027820   0x00027820   0x00000012   Code   RO         1037    i.ble_conn_state_conn_idx  ble_conn_state.o
    0x00027832   0x00027832   0x00000002   PAD
    0x00027834   0x00027834   0x00000014   Code   RO         1050    i.ble_conn_state_valid  ble_conn_state.o
    0x00027848   0x00027848   0x00000060   Code   RO          765    i.ble_device_addr_encode  ble_advdata.o
    0x000278a8   0x000278a8   0x000000dc   Code   RO            5    i.ble_evt_handler   main.o
    0x00027984   0x00027984   0x00000070   Code   RO          656    i.ble_evt_handler   bsp_btn_ble.o
    0x000279f4   0x000279f4   0x000000fc   Code   RO          964    i.ble_evt_handler   ble_conn_params.o
    0x00027af0   0x00027af0   0x00000104   Code   RO         1051    i.ble_evt_handler   ble_conn_state.o
    0x00027bf4   0x00027bf4   0x00000066   Code   RO         1423    i.ble_nus_data_send  ble_nus.o
    0x00027c5a   0x00027c5a   0x00000002   PAD
    0x00027c5c   0x00027c5c   0x000000d4   Code   RO         1424    i.ble_nus_init      ble_nus.o
    0x00027d30   0x00027d30   0x00000070   Code   RO         1425    i.ble_nus_on_ble_evt  ble_nus.o
    0x00027da0   0x00027da0   0x00000008   Code   RO         1220    i.ble_srv_is_notification_enabled  ble_srv_common.o
    0x00027da8   0x00027da8   0x0000000c   Code   RO          402    i.bsp_board_button_idx_to_pin  boards.o
    0x00027db4   0x00027db4   0x00000020   Code   RO          403    i.bsp_board_button_state_get  boards.o
    0x00027dd4   0x00027dd4   0x00000054   Code   RO          404    i.bsp_board_init    boards.o
    0x00027e28   0x00027e28   0x00000024   Code   RO          406    i.bsp_board_led_invert  boards.o
    0x00027e4c   0x00027e4c   0x00000010   Code   RO          407    i.bsp_board_led_off  boards.o
    0x00027e5c   0x00027e5c   0x00000010   Code   RO          408    i.bsp_board_led_on  boards.o
    0x00027e6c   0x00027e6c   0x00000020   Code   RO          409    i.bsp_board_led_state_get  boards.o
    0x00027e8c   0x00027e8c   0x00000012   Code   RO          410    i.bsp_board_leds_off  boards.o
    0x00027e9e   0x00027e9e   0x00000012   Code   RO          411    i.bsp_board_leds_on  boards.o
    0x00027eb0   0x00027eb0   0x00000024   Code   RO          412    i.bsp_board_pin_to_button_idx  boards.o
    0x00027ed4   0x00027ed4   0x00000038   Code   RO          657    i.bsp_btn_ble_init  bsp_btn_ble.o
    0x00027f0c   0x00027f0c   0x0000001e   Code   RO          658    i.bsp_btn_ble_sleep_mode_prepare  bsp_btn_ble.o
    0x00027f2a   0x00027f2a   0x00000002   PAD
    0x00027f2c   0x00027f2c   0x00000090   Code   RO          539    i.bsp_button_event_handler  bsp.o
    0x00027fbc   0x00027fbc   0x0000000c   Code   RO          540    i.bsp_button_is_pressed  bsp.o
    0x00027fc8   0x00027fc8   0x0000004c   Code   RO            6    i.bsp_event_handler  main.o
    0x00028014   0x00028014   0x00000044   Code   RO          543    i.bsp_event_to_button_action_assign  bsp.o
    0x00028058   0x00028058   0x00000018   Code   RO          544    i.bsp_indication_set  bsp.o
    0x00028070   0x00028070   0x00000094   Code   RO          545    i.bsp_init          bsp.o
    0x00028104   0x00028104   0x000001c8   Code   RO          546    i.bsp_led_indication  bsp.o
    0x000282cc   0x000282cc   0x00000006   Code   RO          548    i.bsp_wakeup_button_enable  bsp.o
    0x000282d2   0x000282d2   0x00000002   PAD
    0x000282d4   0x000282d4   0x00000090   Code   RO         4133    i.buf_prealloc      nrf_log_frontend.o
    0x00028364   0x00028364   0x0000002e   Code   RO         3634    i.buffer_add        nrf_fprintf_format.o
    0x00028392   0x00028392   0x00000002   PAD
    0x00028394   0x00028394   0x00000014   Code   RO         4134    i.buffer_is_empty   nrf_log_frontend.o
    0x000283a8   0x000283a8   0x00000008   Code   RO          549    i.button_timer_handler  bsp.o
    0x000283b0   0x000283b0   0x0000001c   Code   RO         1957    i.channel_free      nrfx_gpiote.o
    0x000283cc   0x000283cc   0x00000048   Code   RO         1958    i.channel_port_alloc  nrfx_gpiote.o
    0x00028414   0x00028414   0x00000010   Code   RO         1959    i.channel_port_get  nrfx_gpiote.o
    0x00028424   0x00028424   0x00000190   Code   RO         1222    i.characteristic_add  ble_srv_common.o
    0x000285b4   0x000285b4   0x00000028   Code   RO         1481    i.clock_clk_started_notify  nrf_drv_clock.o
    0x000285dc   0x000285dc   0x0000001c   Code   RO         1482    i.clock_irq_handler  nrf_drv_clock.o
    0x000285f8   0x000285f8   0x000000ac   Code   RO         2929    i.compare_reg_update  app_timer.o
    0x000286a4   0x000286a4   0x0000003e   Code   RO         1052    i.conn_handle_list_get  ble_conn_state.o
    0x000286e2   0x000286e2   0x00000088   Code   RO          766    i.conn_int_encode   ble_advdata.o
    0x0002876a   0x0002876a   0x00000004   Code   RO            7    i.conn_params_error_handler  main.o
    0x0002876e   0x0002876e   0x00000002   PAD
    0x00028770   0x00028770   0x00000048   Code   RO          965    i.conn_params_negotiation  ble_conn_params.o
    0x000287b8   0x000287b8   0x000000c0   Code   RO         1280    i.data_length_update  nrf_ble_gatt.o
    0x00028878   0x00028878   0x0000009c   Code   RO         2626    i.detection_delay_timeout_handler  app_button.o
    0x00028914   0x00028914   0x00000014   Code   RO         4135    i.dropped_sat16_get  nrf_log_frontend.o
    0x00028928   0x00028928   0x00000040   Code   RO         2930    i.elapsed_ticks_acquire  app_timer.o
    0x00028968   0x00028968   0x00000014   Code   RO         2797    i.fifo_get          app_fifo.o
    0x0002897c   0x0002897c   0x00000012   Code   RO         2798    i.fifo_put          app_fifo.o
    0x0002898e   0x0002898e   0x00000028   Code   RO          875    i.flags_set         ble_advertising.o
    0x000289b6   0x000289b6   0x0000000e   Code   RO         3957    i.fputc             retarget.o
    0x000289c4   0x000289c4   0x0000005c   Code   RO            8    i.gatt_evt_handler  main.o
    0x00028a20   0x00028a20   0x00000030   Code   RO            9    i.gatt_init         main.o
    0x00028a50   0x00028a50   0x00000084   Code   RO         2627    i.gpiote_event_handler  app_button.o
    0x00028ad4   0x00028ad4   0x00000014   Code   RO          966    i.instance_get      ble_conn_params.o
    0x00028ae8   0x00028ae8   0x000000a6   Code   RO         3635    i.int_print         nrf_fprintf_format.o
    0x00028b8e   0x00028b8e   0x00000002   PAD
    0x00028b90   0x00028b90   0x0000007c   Code   RO         2468    i.interrupts_enable  nrfx_uarte.o
    0x00028c0c   0x00028c0c   0x00000034   Code   RO         4136    i.invalid_packets_omit  nrf_log_frontend.o
    0x00028c40   0x00028c40   0x00000044   Code   RO          967    i.is_conn_params_ok  ble_conn_params.o
    0x00028c84   0x00028c84   0x00000030   Code   RO          550    i.leds_off          bsp.o
    0x00028cb4   0x00028cb4   0x00000014   Code   RO          551    i.leds_timer_handler  bsp.o
    0x00028cc8   0x00028cc8   0x00000018   Code   RO         1281    i.link_init         nrf_ble_gatt.o
    0x00028ce0   0x00028ce0   0x000000f8   Code   RO         2931    i.list_insertions_handler  app_timer.o
    0x00028dd8   0x00028dd8   0x0000009c   Code   RO         4137    i.log_skip          nrf_log_frontend.o
    0x00028e74   0x00028e74   0x00000264   Code   RO           10    i.main              main.o
    0x000290d8   0x000290d8   0x00000064   Code   RO          767    i.manuf_specific_data_encode  ble_advdata.o
    0x0002913c   0x0002913c   0x0000007e   Code   RO         3674    i.memobj_op         nrf_memobj.o
    0x000291ba   0x000291ba   0x00000002   PAD
    0x000291bc   0x000291bc   0x00000030   Code   RO         4138    i.module_idx_get    nrf_log_frontend.o
    0x000291ec   0x000291ec   0x000000a6   Code   RO          768    i.name_encode       ble_advdata.o
    0x00029292   0x00029292   0x00000016   Code   RO         3356    i.nrf_atflags_clear  nrf_atflags.o
    0x000292a8   0x000292a8   0x00000016   Code   RO         3361    i.nrf_atflags_get   nrf_atflags.o
    0x000292be   0x000292be   0x00000014   Code   RO         3363    i.nrf_atflags_set   nrf_atflags.o
    0x000292d2   0x000292d2   0x00000006   Code   RO         3424    i.nrf_atomic_flag_clear_fetch  nrf_atomic.o
    0x000292d8   0x000292d8   0x00000006   Code   RO         3425    i.nrf_atomic_flag_set  nrf_atomic.o
    0x000292de   0x000292de   0x0000000c   Code   RO         3427    i.nrf_atomic_u32_add  nrf_atomic.o
    0x000292ea   0x000292ea   0x0000000c   Code   RO         3428    i.nrf_atomic_u32_and  nrf_atomic.o
    0x000292f6   0x000292f6   0x0000000a   Code   RO         3431    i.nrf_atomic_u32_fetch_and  nrf_atomic.o
    0x00029300   0x00029300   0x0000000a   Code   RO         3433    i.nrf_atomic_u32_fetch_store  nrf_atomic.o
    0x0002930a   0x0002930a   0x0000000c   Code   RO         3437    i.nrf_atomic_u32_or  nrf_atomic.o
    0x00029316   0x00029316   0x0000000c   Code   RO         3439    i.nrf_atomic_u32_sub  nrf_atomic.o
    0x00029322   0x00029322   0x00000044   Code   RO         3558    i.nrf_balloc_alloc  nrf_balloc.o
    0x00029366   0x00029366   0x00000030   Code   RO         3559    i.nrf_balloc_free   nrf_balloc.o
    0x00029396   0x00029396   0x00000030   Code   RO         3560    i.nrf_balloc_init   nrf_balloc.o
    0x000293c6   0x000293c6   0x00000010   Code   RO         1960    i.nrf_bitmask_bit_is_set  nrfx_gpiote.o
    0x000293d6   0x000293d6   0x00000014   Code   RO         1961    i.nrf_bitmask_bit_set  nrfx_gpiote.o
    0x000293ea   0x000293ea   0x00000018   Code   RO         1283    i.nrf_ble_gatt_att_mtu_periph_set  nrf_ble_gatt.o
    0x00029402   0x00029402   0x00000022   Code   RO         1287    i.nrf_ble_gatt_init  nrf_ble_gatt.o
    0x00029424   0x00029424   0x00000150   Code   RO         1288    i.nrf_ble_gatt_on_ble_evt  nrf_ble_gatt.o
    0x00029574   0x00029574   0x00000016   Code   RO         1382    i.nrf_ble_qwr_conn_handle_assign  nrf_ble_qwr.o
    0x0002958a   0x0002958a   0x00000024   Code   RO         1383    i.nrf_ble_qwr_init  nrf_ble_qwr.o
    0x000295ae   0x000295ae   0x000000b6   Code   RO         1384    i.nrf_ble_qwr_on_ble_evt  nrf_ble_qwr.o
    0x00029664   0x00029664   0x0000000e   Code   RO         1819    i.nrf_clock_event_check  nrfx_clock.o
    0x00029672   0x00029672   0x00000010   Code   RO         1820    i.nrf_clock_event_clear  nrfx_clock.o
    0x00029682   0x00029682   0x00000002   PAD
    0x00029684   0x00029684   0x00000038   Code   RO         1489    i.nrf_drv_clock_init  nrf_drv_clock.o
    0x000296bc   0x000296bc   0x00000030   Code   RO         1493    i.nrf_drv_clock_lfclk_release  nrf_drv_clock.o
    0x000296ec   0x000296ec   0x00000068   Code   RO         1627    i.nrf_drv_uart_init  nrf_drv_uart.o
    0x00029754   0x00029754   0x00000020   Code   RO         3092    i.nrf_drv_uart_rx   app_uart_fifo.o
    0x00029774   0x00029774   0x00000020   Code   RO         3093    i.nrf_drv_uart_tx   app_uart_fifo.o
    0x00029794   0x00029794   0x0000001a   Code   RO         3595    i.nrf_fprintf       nrf_fprintf.o
    0x000297ae   0x000297ae   0x00000018   Code   RO         3596    i.nrf_fprintf_buffer_flush  nrf_fprintf.o
    0x000297c6   0x000297c6   0x000001da   Code   RO         3636    i.nrf_fprintf_fmt   nrf_fprintf_format.o
    0x000299a0   0x000299a0   0x00000024   Code   RO          414    i.nrf_gpio_cfg      boards.o
    0x000299c4   0x000299c4   0x00000024   Code   RO         1962    i.nrf_gpio_cfg      nrfx_gpiote.o
    0x000299e8   0x000299e8   0x00000024   Code   RO         2280    i.nrf_gpio_cfg      nrfx_uart.o
    0x00029a0c   0x00029a0c   0x00000024   Code   RO         2469    i.nrf_gpio_cfg      nrfx_uarte.o
    0x00029a30   0x00029a30   0x00000012   Code   RO         2282    i.nrf_gpio_cfg_input  nrfx_uart.o
    0x00029a42   0x00029a42   0x00000012   Code   RO         2471    i.nrf_gpio_cfg_input  nrfx_uarte.o
    0x00029a54   0x00029a54   0x00000014   Code   RO         2283    i.nrf_gpio_cfg_output  nrfx_uart.o
    0x00029a68   0x00029a68   0x00000014   Code   RO         2472    i.nrf_gpio_cfg_output  nrfx_uarte.o
    0x00029a7c   0x00029a7c   0x00000022   Code   RO         1964    i.nrf_gpio_cfg_sense_set  nrfx_gpiote.o
    0x00029a9e   0x00029a9e   0x00000016   Code   RO          415    i.nrf_gpio_pin_write  boards.o
    0x00029ab4   0x00029ab4   0x00000028   Code   RO         1965    i.nrf_gpio_ports_read  nrfx_gpiote.o
    0x00029adc   0x00029adc   0x00000014   Code   RO         1966    i.nrf_gpiote_event_clear  nrfx_gpiote.o
    0x00029af0   0x00029af0   0x00000010   Code   RO         1967    i.nrf_gpiote_event_is_set  nrfx_gpiote.o
    0x00029b00   0x00029b00   0x0000005c   Code   RO         4139    i.nrf_log_backend_add  nrf_log_frontend.o
    0x00029b5c   0x00029b5c   0x00000002   Code   RO         3994    i.nrf_log_backend_rtt_flush  nrf_log_backend_rtt.o
    0x00029b5e   0x00029b5e   0x00000004   Code   RO         3995    i.nrf_log_backend_rtt_init  nrf_log_backend_rtt.o
    0x00029b62   0x00029b62   0x00000002   Code   RO         3996    i.nrf_log_backend_rtt_panic_set  nrf_log_backend_rtt.o
    0x00029b64   0x00029b64   0x00000018   Code   RO         3997    i.nrf_log_backend_rtt_put  nrf_log_backend_rtt.o
    0x00029b7c   0x00029b7c   0x000000c8   Code   RO         4063    i.nrf_log_backend_serial_put  nrf_log_backend_serial.o
    0x00029c44   0x00029c44   0x00000030   Code   RO         4141    i.nrf_log_color_id_get  nrf_log_frontend.o
    0x00029c74   0x00029c74   0x0000001c   Code   RO         4097    i.nrf_log_default_backends_init  nrf_log_default_backends.o
    0x00029c90   0x00029c90   0x00000234   Code   RO         4142    i.nrf_log_frontend_dequeue  nrf_log_frontend.o
    0x00029ec4   0x00029ec4   0x00000008   Code   RO         4144    i.nrf_log_frontend_std_0  nrf_log_frontend.o
    0x00029ecc   0x00029ecc   0x0000000e   Code   RO         4145    i.nrf_log_frontend_std_1  nrf_log_frontend.o
    0x00029eda   0x00029eda   0x00000010   Code   RO         4146    i.nrf_log_frontend_std_2  nrf_log_frontend.o
    0x00029eea   0x00029eea   0x00000002   PAD
    0x00029eec   0x00029eec   0x000000b0   Code   RO         4319    i.nrf_log_hexdump_entry_process  nrf_log_str_formatter.o
    0x00029f9c   0x00029f9c   0x0000003c   Code   RO         4151    i.nrf_log_init      nrf_log_frontend.o
    0x00029fd8   0x00029fd8   0x00000014   Code   RO         4152    i.nrf_log_module_cnt_get  nrf_log_frontend.o
    0x00029fec   0x00029fec   0x0000001c   Code   RO         4155    i.nrf_log_module_name_get  nrf_log_frontend.o
    0x0002a008   0x0002a008   0x0000002c   Code   RO         4156    i.nrf_log_panic     nrf_log_frontend.o
    0x0002a034   0x0002a034   0x000000b6   Code   RO         4320    i.nrf_log_std_entry_process  nrf_log_str_formatter.o
    0x0002a0ea   0x0002a0ea   0x00000060   Code   RO         3675    i.nrf_memobj_alloc  nrf_memobj.o
    0x0002a14a   0x0002a14a   0x00000032   Code   RO         3676    i.nrf_memobj_free   nrf_memobj.o
    0x0002a17c   0x0002a17c   0x00000008   Code   RO         3677    i.nrf_memobj_get    nrf_memobj.o
    0x0002a184   0x0002a184   0x00000004   Code   RO         3678    i.nrf_memobj_pool_init  nrf_memobj.o
    0x0002a188   0x0002a188   0x0000001e   Code   RO         3679    i.nrf_memobj_put    nrf_memobj.o
    0x0002a1a6   0x0002a1a6   0x00000010   Code   RO         3680    i.nrf_memobj_read   nrf_memobj.o
    0x0002a1b6   0x0002a1b6   0x00000010   Code   RO         3681    i.nrf_memobj_write  nrf_memobj.o
    0x0002a1c6   0x0002a1c6   0x00000002   PAD
    0x0002a1c8   0x0002a1c8   0x00000028   Code   RO         3753    i.nrf_pwr_mgmt_init  nrf_pwr_mgmt.o
    0x0002a1f0   0x0002a1f0   0x00000044   Code   RO         3754    i.nrf_pwr_mgmt_run  nrf_pwr_mgmt.o
    0x0002a234   0x0002a234   0x00000004   Code   RO           11    i.nrf_qwr_error_handler  main.o
    0x0002a238   0x0002a238   0x0000001c   Code   RO         3830    i.nrf_ringbuf_init  nrf_ringbuf.o
    0x0002a254   0x0002a254   0x00000014   Code   RO         4750    i.nrf_sdh_ble_app_ram_start_get  nrf_sdh_ble.o
    0x0002a268   0x0002a268   0x00000130   Code   RO         4751    i.nrf_sdh_ble_default_cfg_set  nrf_sdh_ble.o
    0x0002a398   0x0002a398   0x00000130   Code   RO         4752    i.nrf_sdh_ble_enable  nrf_sdh_ble.o
    0x0002a4c8   0x0002a4c8   0x00000060   Code   RO         4753    i.nrf_sdh_ble_evts_poll  nrf_sdh_ble.o
    0x0002a528   0x0002a528   0x00000074   Code   RO         4632    i.nrf_sdh_enable_request  nrf_sdh.o
    0x0002a59c   0x0002a59c   0x00000024   Code   RO         4633    i.nrf_sdh_evts_poll  nrf_sdh.o
    0x0002a5c0   0x0002a5c0   0x0000000c   Code   RO         4634    i.nrf_sdh_is_enabled  nrf_sdh.o
    0x0002a5cc   0x0002a5cc   0x0000003c   Code   RO         4804    i.nrf_sdh_soc_evts_poll  nrf_sdh_soc.o
    0x0002a608   0x0002a608   0x0000000a   Code   RO         3888    i.nrf_section_iter_init  nrf_section_iter.o
    0x0002a612   0x0002a612   0x00000024   Code   RO         3889    i.nrf_section_iter_item_set  nrf_section_iter.o
    0x0002a636   0x0002a636   0x00000020   Code   RO         3890    i.nrf_section_iter_next  nrf_section_iter.o
    0x0002a656   0x0002a656   0x00000002   PAD
    0x0002a658   0x0002a658   0x00000038   Code   RO         3923    i.nrf_strerror_find  nrf_strerror.o
    0x0002a690   0x0002a690   0x00000014   Code   RO         3924    i.nrf_strerror_get  nrf_strerror.o
    0x0002a6a4   0x0002a6a4   0x0000000a   Code   RO         2284    i.nrf_uart_event_check  nrfx_uart.o
    0x0002a6ae   0x0002a6ae   0x0000000c   Code   RO         2285    i.nrf_uart_event_clear  nrfx_uart.o
    0x0002a6ba   0x0002a6ba   0x0000000c   Code   RO         2286    i.nrf_uart_int_enable_check  nrfx_uart.o
    0x0002a6c6   0x0002a6c6   0x0000000a   Code   RO         2473    i.nrf_uarte_event_check  nrfx_uarte.o
    0x0002a6d0   0x0002a6d0   0x0000000c   Code   RO         2474    i.nrf_uarte_event_clear  nrfx_uarte.o
    0x0002a6dc   0x0002a6dc   0x0000002c   Code   RO         1825    i.nrfx_clock_enable  nrfx_clock.o
    0x0002a708   0x0002a708   0x00000020   Code   RO         1828    i.nrfx_clock_init   nrfx_clock.o
    0x0002a728   0x0002a728   0x0000001c   Code   RO         1831    i.nrfx_clock_lfclk_stop  nrfx_clock.o
    0x0002a744   0x0002a744   0x00000010   Code   RO         2932    i.nrfx_coredep_delay_us  app_timer.o
    0x0002a754   0x0002a754   0x000000a4   Code   RO         1972    i.nrfx_gpiote_in_event_enable  nrfx_gpiote.o
    0x0002a7f8   0x0002a7f8   0x000000d0   Code   RO         1973    i.nrfx_gpiote_in_init  nrfx_gpiote.o
    0x0002a8c8   0x0002a8c8   0x00000014   Code   RO         1974    i.nrfx_gpiote_in_is_set  nrfx_gpiote.o
    0x0002a8dc   0x0002a8dc   0x0000006c   Code   RO         1976    i.nrfx_gpiote_init  nrfx_gpiote.o
    0x0002a948   0x0002a948   0x00000014   Code   RO         1977    i.nrfx_gpiote_is_init  nrfx_gpiote.o
    0x0002a95c   0x0002a95c   0x00000010   Code   RO         2475    i.nrfx_is_in_ram    nrfx_uarte.o
    0x0002a96c   0x0002a96c   0x0000003a   Code   RO         2226    i.nrfx_prs_acquire  nrfx_prs.o
    0x0002a9a6   0x0002a9a6   0x00000002   PAD
    0x0002a9a8   0x0002a9a8   0x00000010   Code   RO         2287    i.nrfx_uart_0_irq_handler  nrfx_uart.o
    0x0002a9b8   0x0002a9b8   0x000000d0   Code   RO         2289    i.nrfx_uart_init    nrfx_uart.o
    0x0002aa88   0x0002aa88   0x000000ec   Code   RO         2290    i.nrfx_uart_rx      nrfx_uart.o
    0x0002ab74   0x0002ab74   0x000000a4   Code   RO         2295    i.nrfx_uart_tx      nrfx_uart.o
    0x0002ac18   0x0002ac18   0x00000020   Code   RO         2297    i.nrfx_uart_tx_in_progress  nrfx_uart.o
    0x0002ac38   0x0002ac38   0x00000010   Code   RO         2476    i.nrfx_uarte_0_irq_handler  nrfx_uarte.o
    0x0002ac48   0x0002ac48   0x0000006c   Code   RO         2478    i.nrfx_uarte_init   nrfx_uarte.o
    0x0002acb4   0x0002acb4   0x00000104   Code   RO         2479    i.nrfx_uarte_rx     nrfx_uarte.o
    0x0002adb8   0x0002adb8   0x00000090   Code   RO         2482    i.nrfx_uarte_tx     nrfx_uarte.o
    0x0002ae48   0x0002ae48   0x0000001c   Code   RO         2484    i.nrfx_uarte_tx_in_progress  nrfx_uarte.o
    0x0002ae64   0x0002ae64   0x00000098   Code   RO           12    i.nus_data_handler  main.o
    0x0002aefc   0x0002aefc   0x00000024   Code   RO           13    i.on_adv_evt        main.o
    0x0002af20   0x0002af20   0x0000001c   Code   RO           14    i.on_conn_params_evt  main.o
    0x0002af3c   0x0002af3c   0x0000006a   Code   RO         1426    i.on_connect        ble_nus.o
    0x0002afa6   0x0002afa6   0x00000002   PAD
    0x0002afa8   0x0002afa8   0x000000a8   Code   RO         1289    i.on_connected_evt  nrf_ble_gatt.o
    0x0002b050   0x0002b050   0x000000ac   Code   RO         1290    i.on_exchange_mtu_request_evt  nrf_ble_gatt.o
    0x0002b0fc   0x0002b0fc   0x00000084   Code   RO         1427    i.on_write          ble_nus.o
    0x0002b180   0x0002b180   0x00000012   Code   RO          876    i.phy_is_valid      ble_advertising.o
    0x0002b192   0x0002b192   0x00000002   PAD
    0x0002b194   0x0002b194   0x00000018   Code   RO         1993    i.pin_in_use_by_port  nrfx_gpiote.o
    0x0002b1ac   0x0002b1ac   0x00000018   Code   RO         1994    i.pin_in_use_by_te  nrfx_gpiote.o
    0x0002b1c4   0x0002b1c4   0x0000003c   Code   RO         4322    i.postfix_process   nrf_log_str_formatter.o
    0x0002b200   0x0002b200   0x00000098   Code   RO         4323    i.prefix_process    nrf_log_str_formatter.o
    0x0002b298   0x0002b298   0x00000018   Code   RO         2228    i.prs_box_get       nrfx_prs.o
    0x0002b2b0   0x0002b2b0   0x0000003c   Code   RO         2933    i.rtc1_stop         app_timer.o
    0x0002b2ec   0x0002b2ec   0x00000032   Code   RO         2299    i.rx_byte           nrfx_uart.o
    0x0002b31e   0x0002b31e   0x00000016   Code   RO         2300    i.rx_done_event     nrfx_uart.o
    0x0002b334   0x0002b334   0x00000016   Code   RO         2486    i.rx_done_event     nrfx_uarte.o
    0x0002b34a   0x0002b34a   0x00000020   Code   RO         2301    i.rx_enable         nrfx_uart.o
    0x0002b36a   0x0002b36a   0x00000002   PAD
    0x0002b36c   0x0002b36c   0x00000050   Code   RO         1496    i.sd_state_evt_handler  nrf_drv_clock.o
    0x0002b3bc   0x0002b3bc   0x00000030   Code   RO         4639    i.sdh_request_observer_notify  nrf_sdh.o
    0x0002b3ec   0x0002b3ec   0x0000002c   Code   RO         4640    i.sdh_state_observer_notify  nrf_sdh.o
    0x0002b418   0x0002b418   0x00000010   Code   RO          968    i.send_error_evt    ble_conn_params.o
    0x0002b428   0x0002b428   0x00000050   Code   RO         3998    i.serial_tx         nrf_log_backend_rtt.o
    0x0002b478   0x0002b478   0x00000088   Code   RO          769    i.service_data_encode  ble_advdata.o
    0x0002b500   0x0002b500   0x00000030   Code   RO         1224    i.set_security_req  ble_srv_common.o
    0x0002b530   0x0002b530   0x00000028   Code   RO           15    i.sleep_mode_enter  main.o
    0x0002b558   0x0002b558   0x00000018   Code   RO         1497    i.soc_evt_handler   nrf_drv_clock.o
    0x0002b570   0x0002b570   0x00000058   Code   RO         4642    i.softdevices_evt_irq_enable  nrf_sdh.o
    0x0002b5c8   0x0002b5c8   0x0000008c   Code   RO         4158    i.std_n             nrf_log_frontend.o
    0x0002b654   0x0002b654   0x00000080   Code   RO         2934    i.timer_list_handler  app_timer.o
    0x0002b6d4   0x0002b6d4   0x0000003c   Code   RO         2935    i.timer_list_insert  app_timer.o
    0x0002b710   0x0002b710   0x00000060   Code   RO         2936    i.timer_list_remove  app_timer.o
    0x0002b770   0x0002b770   0x00000048   Code   RO         2937    i.timer_stop_op_schedule  app_timer.o
    0x0002b7b8   0x0002b7b8   0x00000074   Code   RO         2938    i.timer_timeouts_check  app_timer.o
    0x0002b82c   0x0002b82c   0x00000020   Code   RO         2302    i.tx_byte           nrfx_uart.o
    0x0002b84c   0x0002b84c   0x0000001a   Code   RO         2303    i.tx_done_event     nrfx_uart.o
    0x0002b866   0x0002b866   0x00000002   PAD
    0x0002b868   0x0002b868   0x00000078   Code   RO           16    i.uart_event_handle  main.o
    0x0002b8e0   0x0002b8e0   0x000000a0   Code   RO         3094    i.uart_event_handler  app_uart_fifo.o
    0x0002b980   0x0002b980   0x00000030   Code   RO         1628    i.uart_evt_handler  nrf_drv_uart.o
    0x0002b9b0   0x0002b9b0   0x00000128   Code   RO         2304    i.uart_irq_handler  nrfx_uart.o
    0x0002bad8   0x0002bad8   0x00000030   Code   RO         1629    i.uarte_evt_handler  nrf_drv_uart.o
    0x0002bb08   0x0002bb08   0x000000f2   Code   RO         2487    i.uarte_irq_handler  nrfx_uarte.o
    0x0002bbfa   0x0002bbfa   0x0000000a   Code   RO          770    i.uint16_encode     ble_advdata.o
    0x0002bc04   0x0002bc04   0x000000b4   Code   RO         3637    i.unsigned_print    nrf_fprintf_format.o
    0x0002bcb8   0x0002bcb8   0x00000068   Code   RO          969    i.update_timeout_handler  ble_conn_params.o
    0x0002bd20   0x0002bd20   0x00000018   Code   RO          877    i.use_whitelist     ble_advertising.o
    0x0002bd38   0x0002bd38   0x00000024   Code   RO         1385    i.user_mem_reply    nrf_ble_qwr.o
    0x0002bd5c   0x0002bd5c   0x00000030   Code   RO         2939    i.user_op_alloc     app_timer.o
    0x0002bd8c   0x0002bd8c   0x00000030   Code   RO          771    i.uuid_list_encode  ble_advdata.o
    0x0002bdbc   0x0002bdbc   0x0000009e   Code   RO          772    i.uuid_list_sized_encode  ble_advdata.o
    0x0002be5a   0x0002be5a   0x0000003a   Code   RO          552    i.wakeup_button_cfg  bsp.o
    0x0002be94   0x0002be94   0x00000018   Data   RO           18    .constdata          main.o
    0x0002beac   0x0002beac   0x00000008   Data   RO          416    .constdata          boards.o
    0x0002beb4   0x0002beb4   0x0000002c   Data   RO          557    .constdata          bsp.o
    0x0002bee0   0x0002bee0   0x00000016   Data   RO         1291    .constdata          nrf_ble_gatt.o
    0x0002bef6   0x0002bef6   0x00000002   PAD
    0x0002bef8   0x0002bef8   0x00000010   Data   RO         1428    .constdata          ble_nus.o
    0x0002bf08   0x0002bf08   0x00000004   Data   RO         1996    .constdata          nrfx_gpiote.o
    0x0002bf0c   0x0002bf0c   0x00000004   Data   RO         2307    .constdata          nrfx_uart.o
    0x0002bf10   0x0002bf10   0x00000004   Data   RO         2490    .constdata          nrfx_uarte.o
    0x0002bf14   0x0002bf14   0x00000008   Data   RO         2629    .constdata          app_button.o
    0x0002bf1c   0x0002bf1c   0x00000004   PAD
    0x0002bf20   0x0002bf20   0x00000006   Data   RO         2941    .constdata          app_timer.o
    0x0002bf26   0x0002bf26   0x00000002   PAD
    0x0002bf28   0x0002bf28   0x00000020   Data   RO         3096    .constdata          app_uart_fifo.o
    0x0002bf48   0x0002bf48   0x00000010   Data   RO         3638    .constdata          nrf_fprintf_format.o
    0x0002bf58   0x0002bf58   0x00000018   Data   RO         3758    .constdata          nrf_pwr_mgmt.o
    0x0002bf70   0x0002bf70   0x0000000c   Data   RO         3759    .constdata          nrf_pwr_mgmt.o
    0x0002bf7c   0x0002bf7c   0x0000013c   Data   RO         3925    .constdata          nrf_strerror.o
    0x0002c0b8   0x0002c0b8   0x0000000c   Data   RO         4000    .constdata          nrf_log_backend_rtt.o
    0x0002c0c4   0x0002c0c4   0x0000000c   PAD
    0x0002c0d0   0x0002c0d0   0x00000006   Data   RO         4001    .constdata          nrf_log_backend_rtt.o
    0x0002c0d6   0x0002c0d6   0x00000002   PAD
    0x0002c0d8   0x0002c0d8   0x0000000c   Data   RO         4163    .constdata          nrf_log_frontend.o
    0x0002c0e4   0x0002c0e4   0x00000010   Data   RO         4643    .constdata          nrf_sdh.o
    0x0002c0f4   0x0002c0f4   0x00000028   Data   RO         4644    .constdata          nrf_sdh.o
    0x0002c11c   0x0002c11c   0x00000010   Data   RO         4645    .constdata          nrf_sdh.o
    0x0002c12c   0x0002c12c   0x00000010   Data   RO         4646    .constdata          nrf_sdh.o
    0x0002c13c   0x0002c13c   0x00000020   Data   RO         4754    .constdata          nrf_sdh_ble.o
    0x0002c15c   0x0002c15c   0x00000010   Data   RO         4755    .constdata          nrf_sdh_ble.o
    0x0002c16c   0x0002c16c   0x00000010   Data   RO         4805    .constdata          nrf_sdh_soc.o
    0x0002c17c   0x0002c17c   0x0000000c   Data   RO         4806    .constdata          nrf_sdh_soc.o
    0x0002c188   0x0002c188   0x00000081   Data   RO         4887    .constdata          mc_w.l(ctype_o.o)
    0x0002c209   0x0002c209   0x00000003   PAD
    0x0002c20c   0x0002c20c   0x00000004   Data   RO         4888    .constdata          mc_w.l(ctype_o.o)
    0x0002c210   0x0002c210   0x000000a2   Data   RO         1292    .conststring        nrf_ble_gatt.o
    0x0002c2b2   0x0002c2b2   0x00000002   PAD
    0x0002c2b4   0x0002c2b4   0x000003eb   Data   RO         3926    .conststring        nrf_strerror.o
    0x0002c69f   0x0002c69f   0x00000001   PAD
    0x0002c6a0   0x0002c6a0   0x00000066   Data   RO         4324    .conststring        nrf_log_str_formatter.o
    0x0002c706   0x0002c706   0x00000002   PAD
    0x0002c708   0x0002c708   0x000001cf   Data   RO         4756    .conststring        nrf_sdh_ble.o
    0x0002c8d7   0x0002c8d7   0x00000001   PAD
    0x0002c8d8   0x0002c8d8   0x0000000d   Data   RO         1293    .conststrlit        nrf_ble_gatt.o
    0x0002c8e5   0x0002c8e5   0x00000003   PAD
    0x0002c8e8   0x0002c8e8   0x00000008   Data   RO         1429    .conststrlit        ble_nus.o
    0x0002c8f0   0x0002c8f0   0x00000006   Data   RO         1503    .conststrlit        nrf_drv_clock.o
    0x0002c8f6   0x0002c8f6   0x00000002   PAD
    0x0002c8f8   0x0002c8f8   0x00000006   Data   RO         1835    .conststrlit        nrfx_clock.o
    0x0002c8fe   0x0002c8fe   0x00000002   PAD
    0x0002c900   0x0002c900   0x00000007   Data   RO         2000    .conststrlit        nrfx_gpiote.o
    0x0002c907   0x0002c907   0x00000001   PAD
    0x0002c908   0x0002c908   0x00000004   Data   RO         2230    .conststrlit        nrfx_prs.o
    0x0002c90c   0x0002c90c   0x00000005   Data   RO         2310    .conststrlit        nrfx_uart.o
    0x0002c911   0x0002c911   0x00000003   PAD
    0x0002c914   0x0002c914   0x00000006   Data   RO         2493    .conststrlit        nrfx_uarte.o
    0x0002c91a   0x0002c91a   0x00000002   PAD
    0x0002c91c   0x0002c91c   0x00000009   Data   RO         3760    .conststrlit        nrf_pwr_mgmt.o
    0x0002c925   0x0002c925   0x00000003   PAD
    0x0002c928   0x0002c928   0x00000010   Data   RO         4098    .conststrlit        nrf_log_default_backends.o
    0x0002c938   0x0002c938   0x00000004   Data   RO         4164    .conststrlit        nrf_log_frontend.o
    0x0002c93c   0x0002c93c   0x00000008   Data   RO         4647    .conststrlit        nrf_sdh.o
    0x0002c944   0x0002c944   0x0000000c   Data   RO         4757    .conststrlit        nrf_sdh_ble.o
    0x0002c950   0x0002c950   0x0000000c   Data   RO         4807    .conststrlit        nrf_sdh_soc.o
    0x0002c95c   0x0002c95c   0x00000020   Data   RO         5221    Region$$Table       anon$$obj.o
    0x0002c97c   0x0002c97c   0x00000010   Data   RO         4100    log_backends        nrf_log_default_backends.o
    0x0002c98c   0x0002c98c   0x00000008   Data   RO         1294    log_const_data      nrf_ble_gatt.o
    0x0002c994   0x0002c994   0x00000008   Data   RO         1430    log_const_data      ble_nus.o
    0x0002c99c   0x0002c99c   0x00000008   Data   RO         1504    log_const_data      nrf_drv_clock.o
    0x0002c9a4   0x0002c9a4   0x00000008   Data   RO         1837    log_const_data      nrfx_clock.o
    0x0002c9ac   0x0002c9ac   0x00000008   Data   RO         2001    log_const_data      nrfx_gpiote.o
    0x0002c9b4   0x0002c9b4   0x00000008   Data   RO         2232    log_const_data      nrfx_prs.o
    0x0002c9bc   0x0002c9bc   0x00000008   Data   RO         2311    log_const_data      nrfx_uart.o
    0x0002c9c4   0x0002c9c4   0x00000008   Data   RO         2494    log_const_data      nrfx_uarte.o
    0x0002c9cc   0x0002c9cc   0x00000008   Data   RO         3762    log_const_data      nrf_pwr_mgmt.o
    0x0002c9d4   0x0002c9d4   0x00000008   Data   RO         4167    log_const_data      nrf_log_frontend.o
    0x0002c9dc   0x0002c9dc   0x00000008   Data   RO         4649    log_const_data      nrf_sdh.o
    0x0002c9e4   0x0002c9e4   0x00000008   Data   RO         4759    log_const_data      nrf_sdh_ble.o
    0x0002c9ec   0x0002c9ec   0x00000008   Data   RO         4808    log_const_data      nrf_sdh_soc.o
    0x0002c9f4   0x0002c9f4   0x00000014   Data   RO         4168    nrf_balloc          nrf_log_frontend.o
    0x0002ca08   0x0002ca08   0x00000008   Data   RO         1056    sdh_ble_observers0  ble_conn_state.o
    0x0002ca10   0x0002ca10   0x00000010   Data   RO           22    sdh_ble_observers1  main.o
    0x0002ca20   0x0002ca20   0x00000008   Data   RO          660    sdh_ble_observers1  bsp_btn_ble.o
    0x0002ca28   0x0002ca28   0x00000008   Data   RO          972    sdh_ble_observers1  ble_conn_params.o
    0x0002ca30   0x0002ca30   0x00000010   Data   RO           23    sdh_ble_observers2  main.o
    0x0002ca40   0x0002ca40   0x00000008   Data   RO           24    sdh_ble_observers3  main.o
    0x0002ca48   0x0002ca48   0x00000008   Data   RO         1505    sdh_soc_observers0  nrf_drv_clock.o
    0x0002ca50   0x0002ca50   0x00000008   Data   RO           25    sdh_soc_observers1  main.o
    0x0002ca58   0x0002ca58   0x00000008   Data   RO         4760    sdh_stack_observers0  nrf_sdh_ble.o
    0x0002ca60   0x0002ca60   0x00000008   Data   RO         4809    sdh_stack_observers0  nrf_sdh_soc.o
    0x0002ca68   0x0002ca68   0x00000008   Data   RO         1506    sdh_state_observers0  nrf_drv_clock.o


    Execution Region RW_IRAM1 (Exec base: 0x20002a98, Load base: 0x0002ca70, Size: 0x00003238, Max: 0x0000d568, ABSOLUTE, COMPRESSED[0x00000050])

    Exec Addr    Load Addr    Size         Type   Attr      Idx    E Section Name        Object

    0x20002a98   COMPRESSED   0x00000008   Data   RW           19    .data               main.o
    0x20002aa0   COMPRESSED   0x00000028   Data   RW           20    .data               main.o
    0x20002ac8   COMPRESSED   0x00000004   Data   RW           21    .data               main.o
    0x20002acc   COMPRESSED   0x00000010   Data   RW          558    .data               bsp.o
    0x20002adc   COMPRESSED   0x00000008   Data   RW          659    .data               bsp_btn_ble.o
    0x20002ae4   COMPRESSED   0x00000008   Data   RW          971    .data               ble_conn_params.o
    0x20002aec   COMPRESSED   0x0000000c   Data   RW         1630    .data               nrf_drv_uart.o
    0x20002af8   COMPRESSED   0x00000008   Data   RW         1836    .data               nrfx_clock.o
    0x20002b00   COMPRESSED   0x00000008   Data   RW         2231    .data               nrfx_prs.o
    0x20002b08   COMPRESSED   0x00000020   Data   RW         2630    .data               app_button.o
    0x20002b28   COMPRESSED   0x00000014   Data   RW         2942    .data               app_timer.o
    0x20002b3c   COMPRESSED   0x0000001c   Data   RW         3097    .data               app_uart_fifo.o
    0x20002b58   COMPRESSED   0x00000008   Data   RW         3761    .data               nrf_pwr_mgmt.o
    0x20002b60   COMPRESSED   0x00000004   Data   RW         3958    .data               retarget.o
    0x20002b64   COMPRESSED   0x00000001   Data   RW         4002    .data               nrf_log_backend_rtt.o
    0x20002b65   COMPRESSED   0x00000003   PAD
    0x20002b68   COMPRESSED   0x00000008   Data   RW         4099    .data               nrf_log_default_backends.o
    0x20002b70   COMPRESSED   0x00000008   Data   RW         4165    .data               nrf_log_frontend.o
    0x20002b78   COMPRESSED   0x00000008   Data   RW         4166    .data               nrf_log_frontend.o
    0x20002b80   COMPRESSED   0x00000040   Data   RW         4325    .data               nrf_log_str_formatter.o
    0x20002bc0   COMPRESSED   0x00000003   Data   RW         4648    .data               nrf_sdh.o
    0x20002bc3   COMPRESSED   0x00000001   Data   RW         4758    .data               nrf_sdh_ble.o
    0x20002bc4   COMPRESSED   0x00000004   Data   RW         4848    .data               system_nrf52.o
    0x20002bc8        -       0x0000056c   Zero   RW           17    .bss                main.o
    0x20003134        -       0x00000020   Zero   RW          553    .bss                bsp.o
    0x20003154        -       0x00000020   Zero   RW          554    .bss                bsp.o
    0x20003174        -       0x0000000c   Zero   RW          555    .bss                bsp.o
    0x20003180        -       0x00000020   Zero   RW          556    .bss                bsp.o
    0x200031a0        -       0x00000050   Zero   RW          970    .bss                ble_conn_params.o
    0x200031f0        -       0x00000078   Zero   RW         1055    .bss                ble_conn_state.o
    0x20003268        -       0x00000014   Zero   RW         1498    .bss                nrf_drv_clock.o
    0x2000327c        -       0x0000005c   Zero   RW         1995    .bss                nrfx_gpiote.o
    0x200032d8        -       0x0000002c   Zero   RW         2305    .bss                nrfx_uart.o
    0x20003304        -       0x00000024   Zero   RW         2488    .bss                nrfx_uarte.o
    0x20003328        -       0x00000020   Zero   RW         2628    .bss                app_button.o
    0x20003348        -       0x0000010c   Zero   RW         2940    .bss                app_timer.o
    0x20003454        -       0x00000020   Zero   RW         3095    .bss                app_uart_fifo.o
    0x20003474        -       0x0000000c   Zero   RW         3176    .bss                app_util_platform.o
    0x20003480        -       0x0000000c   Zero   RW         3757    .bss                nrf_pwr_mgmt.o
    0x2000348c        -       0x00000040   Zero   RW         3999    .bss                nrf_log_backend_rtt.o
    0x200034cc        -       0x000000c0   Zero   RW         4159    .bss                nrf_log_frontend.o
    0x2000358c        -       0x00000080   Zero   RW         4160    .bss                nrf_log_frontend.o
    0x2000360c        -       0x00000018   Zero   RW         4161    .bss                nrf_log_frontend.o
    0x20003624        -       0x00000424   Zero   RW         4162    .bss                nrf_log_frontend.o
    0x20003a48        -       0x00000288   Zero   RW         4401    .bss                segger_rtt.o
    0x20003cd0        -       0x00002000   Zero   RW         4836    STACK               arm_startup_nrf52.o


==============================================================================

Image component sizes


      Code (inc. data)   RO Data    RW Data    ZI Data      Debug   Object Name

       444         38          8         32         32      13134   app_button.o
        22          0          0          0          0       2453   app_error.o
       132         46          0          0          0      30645   app_error_weak.o
       118          0          0          0          0       5006   app_fifo.o
      1510        118          6         20        268      48663   app_timer.o
       524         60         32         28         32      21238   app_uart_fifo.o
       124         14          0          0         12       9686   app_util_platform.o
        36          8        512          0       8192        928   arm_startup_nrf52.o
      1324          0          0          0          0      53272   ble_advdata.o
      1080          6          0          0          0      10996   ble_advertising.o
       636         44          8          8         80       9247   ble_conn_params.o
       360         10          8          0        120       6895   ble_conn_state.o
        72          0          0          0          0       1652   ble_link_ctx_manager.o
       664          6         32          0          0       6952   ble_nus.o
       456          6          0          0          0       3371   ble_srv_common.o
       358         40          8          0          0      48931   boards.o
       998         84         44         16        108      15607   bsp.o
       252         10          8          8          0       4804   bsp_btn_ble.o
      1432        322         72         52       1388     182865   main.o
        64          0          0          0          0       2964   nrf_atflags.o
       306          0          0          0          0       8031   nrf_atomic.o
       164          0          0          0          0       3632   nrf_balloc.o
       950        272        205          0          0      37409   nrf_ble_gatt.o
       276          0          0          0          0       4693   nrf_ble_qwr.o
       276         34         30          0         20      37804   nrf_drv_clock.o
       200         26          0         12          0      17868   nrf_drv_uart.o
        50          0          0          0          0       3529   nrf_fprintf.o
       866          4         16          0          0       5510   nrf_fprintf_format.o
       112         18         18          1         64       6129   nrf_log_backend_rtt.o
       200          0          0          0          0      10857   nrf_log_backend_serial.o
        28          4         32          8          0       3337   nrf_log_default_backends.o
      1474        114         44         16       1404      29722   nrf_log_frontend.o
       570        108        102         64          0       5660   nrf_log_str_formatter.o
       346          0          0          0          0       9571   nrf_memobj.o
       108         16         53          8         12      36462   nrf_pwr_mgmt.o
        28          0          0          0          0       2363   nrf_ringbuf.o
       384         46        104          3          0      39295   nrf_sdh.o
       724        232        539          1          0       5929   nrf_sdh_ble.o
        60          4         56          0          0       2468   nrf_sdh_soc.o
        78          0          0          0          0       2784   nrf_section_iter.o
        76         10       1319          0          0       2743   nrf_strerror.o
       222         30         14          8          0      43690   nrfx_clock.o
      1222         92         19          0         92      59411   nrfx_gpiote.o
        94         16         12          8          0       3761   nrfx_prs.o
      1358         36         17          0         44      30201   nrfx_uart.o
      1192         38         18          0         36      24235   nrfx_uarte.o
        14          0          0          4          0       2874   retarget.o
       378         34          0          0        648       8993   segger_rtt.o
       796         70          0          4          0       2963   system_nrf52.o

    ----------------------------------------------------------------------
     23202       2016       3412        304      12552     931233   Object Totals
         0          0         32          0          0          0   (incl. Generated)
        44          0         44          3          0          0   (incl. Padding)

    ----------------------------------------------------------------------

      Code (inc. data)   RO Data    RW Data    ZI Data      Debug   Library Member Name

        86          0          0          0          0          0   __dczerorl2.o
         8          4        133          0          0         68   ctype_o.o
         0          0          0          0          0          0   entry.o
         0          0          0          0          0          0   entry10a.o
         0          0          0          0          0          0   entry11a.o
         8          4          0          0          0          0   entry2.o
         4          0          0          0          0          0   entry5.o
         0          0          0          0          0          0   entry7b.o
         0          0          0          0          0          0   entry8b.o
         8          4          0          0          0          0   entry9a.o
        30          0          0          0          0          0   handlers.o
        36          8          0          0          0         68   init.o
        30          0          0          0          0         68   llshl.o
        32          0          0          0          0         68   llushr.o
        36          0          0          0          0         68   memcpya.o
        36          0          0          0          0        108   memseta.o
        50          8          0          0          0        152   printfb.o
        18          0          0          0          0         68   strcpy.o
        14          0          0          0          0         68   strlen.o
        98          0          0          0          0         92   uldiv.o

    ----------------------------------------------------------------------
       498         28        136          0          0        828   Library Totals
         4          0          3          0          0          0   (incl. Padding)

    ----------------------------------------------------------------------

      Code (inc. data)   RO Data    RW Data    ZI Data      Debug   Library Name

       494         28        133          0          0        828   mc_w.l

    ----------------------------------------------------------------------
       498         28        136          0          0        828   Library Totals

    ----------------------------------------------------------------------

==============================================================================


      Code (inc. data)   RO Data    RW Data    ZI Data      Debug   

     23700       2044       3548        304      12552     904033   Grand Totals
     23700       2044       3548         80      12552     904033   ELF Image Totals (compressed)
     23700       2044       3548         80          0          0   ROM Totals

==============================================================================

    Total RO  Size (Code + RO Data)                27248 (  26.61kB)
    Total RW  Size (RW Data + ZI Data)             12856 (  12.55kB)
    Total ROM Size (Code + RO Data + RW Data)      27328 (  26.69kB)

==============================================================================

